Archive member included to satisfy reference by file (symbol)

/opt/bolos-env/gcc-arm-none-eabi-5_3-2016q1/bin/../lib/gcc/arm-none-eabi/5.3.1/armv6-m/libgcc.a(_udivsi3.o)
                              obj/monero_key.o (__aeabi_uidiv)
/opt/bolos-env/gcc-arm-none-eabi-5_3-2016q1/bin/../lib/gcc/arm-none-eabi/5.3.1/armv6-m/libgcc.a(_dvmd_tls.o)
                              /opt/bolos-env/gcc-arm-none-eabi-5_3-2016q1/bin/../lib/gcc/arm-none-eabi/5.3.1/armv6-m/libgcc.a(_udivsi3.o) (__aeabi_idiv0)
/opt/bolos-env/gcc-arm-none-eabi-5_3-2016q1/bin/../lib/gcc/arm-none-eabi/5.3.1/armv6-m/libgcc.a(_ashldi3.o)
                              obj/monero_crypto.o (__aeabi_llsl)
/opt/bolos-env/gcc-arm-none-eabi-5_3-2016q1/bin/../lib/gcc/arm-none-eabi/5.3.1/armv6-m/libgcc.a(_aeabi_uldivmod.o)
                              obj/monero_crypto.o (__aeabi_uldivmod)
/opt/bolos-env/gcc-arm-none-eabi-5_3-2016q1/bin/../lib/gcc/arm-none-eabi/5.3.1/armv6-m/libgcc.a(_muldi3.o)
                              obj/monero_crypto.o (__aeabi_lmul)
/opt/bolos-env/gcc-arm-none-eabi-5_3-2016q1/bin/../lib/gcc/arm-none-eabi/5.3.1/armv6-m/libgcc.a(_udivmoddi4.o)
                              /opt/bolos-env/gcc-arm-none-eabi-5_3-2016q1/bin/../lib/gcc/arm-none-eabi/5.3.1/armv6-m/libgcc.a(_aeabi_uldivmod.o) (__udivmoddi4)
/opt/bolos-env/gcc-arm-none-eabi-5_3-2016q1/bin/../lib/gcc/arm-none-eabi/5.3.1/armv6-m/libgcc.a(_clzdi2.o)
                              /opt/bolos-env/gcc-arm-none-eabi-5_3-2016q1/bin/../lib/gcc/arm-none-eabi/5.3.1/armv6-m/libgcc.a(_udivmoddi4.o) (__clzdi2)
/opt/bolos-env/gcc-arm-none-eabi-5_3-2016q1/bin/../lib/gcc/arm-none-eabi/5.3.1/armv6-m/libgcc.a(_clzsi2.o)
                              /opt/bolos-env/gcc-arm-none-eabi-5_3-2016q1/bin/../lib/gcc/arm-none-eabi/5.3.1/armv6-m/libgcc.a(_clzdi2.o) (__clzsi2)
/opt/bolos-env/gcc-arm-none-eabi-5_3-2016q1/bin/../lib/gcc/arm-none-eabi/5.3.1/../../../../arm-none-eabi/lib/armv6-m/libc.a(lib_a-aeabi_memclr.o)
                              obj/os.o (__aeabi_memclr)
/opt/bolos-env/gcc-arm-none-eabi-5_3-2016q1/bin/../lib/gcc/arm-none-eabi/5.3.1/../../../../arm-none-eabi/lib/armv6-m/libc.a(lib_a-aeabi_memcpy.o)
                              obj/monero_ux_nanos.o (__aeabi_memcpy)
/opt/bolos-env/gcc-arm-none-eabi-5_3-2016q1/bin/../lib/gcc/arm-none-eabi/5.3.1/../../../../arm-none-eabi/lib/armv6-m/libc.a(lib_a-aeabi_memset.o)
                              obj/os.o (__aeabi_memset)
/opt/bolos-env/gcc-arm-none-eabi-5_3-2016q1/bin/../lib/gcc/arm-none-eabi/5.3.1/../../../../arm-none-eabi/lib/armv6-m/libc.a(lib_a-memcpy-stub.o)
                              /opt/bolos-env/gcc-arm-none-eabi-5_3-2016q1/bin/../lib/gcc/arm-none-eabi/5.3.1/../../../../arm-none-eabi/lib/armv6-m/libc.a(lib_a-aeabi_memcpy.o) (memcpy)
/opt/bolos-env/gcc-arm-none-eabi-5_3-2016q1/bin/../lib/gcc/arm-none-eabi/5.3.1/../../../../arm-none-eabi/lib/armv6-m/libc.a(lib_a-memset.o)
                              /opt/bolos-env/gcc-arm-none-eabi-5_3-2016q1/bin/../lib/gcc/arm-none-eabi/5.3.1/../../../../arm-none-eabi/lib/armv6-m/libc.a(lib_a-aeabi_memset.o) (memset)
/opt/bolos-env/gcc-arm-none-eabi-5_3-2016q1/bin/../lib/gcc/arm-none-eabi/5.3.1/../../../../arm-none-eabi/lib/armv6-m/libc.a(lib_a-setjmp.o)
                              obj/monero_main.o (setjmp)
/opt/bolos-env/gcc-arm-none-eabi-5_3-2016q1/bin/../lib/gcc/arm-none-eabi/5.3.1/../../../../arm-none-eabi/lib/armv6-m/libc.a(lib_a-strlen-stub.o)
                              obj/monero_init.o (strlen)

Discarded input sections

 .text          0x00000000        0x0 obj/cx_compliance_141.o
 .comment       0x00000000       0x2e obj/cx_compliance_141.o
 .note.GNU-stack
                0x00000000        0x0 obj/cx_compliance_141.o
 .ARM.attributes
                0x00000000       0x41 obj/cx_compliance_141.o
 .llvm_addrsig  0x00000000        0x0 obj/cx_compliance_141.o
 .text          0x00000000        0x0 obj/glyphs.o
 .rodata.C_icon_back_colors
                0x00000000        0x8 obj/glyphs.o
 .rodata.C_icon_back_bitmap
                0x00000000       0x19 obj/glyphs.o
 .rodata.C_icon_back
                0x00000000       0x14 obj/glyphs.o
 .rodata.C_icon_certificate_colors
                0x00000000        0x8 obj/glyphs.o
 .rodata.C_icon_certificate_bitmap
                0x00000000       0x19 obj/glyphs.o
 .rodata.C_icon_certificate
                0x00000000       0x14 obj/glyphs.o
 .rodata.C_icon_coggle_colors
                0x00000000        0x8 obj/glyphs.o
 .rodata.C_icon_coggle_bitmap
                0x00000000       0x19 obj/glyphs.o
 .rodata.C_icon_coggle
                0x00000000       0x14 obj/glyphs.o
 .rodata.C_icon_crossmark_colors
                0x00000000        0x8 obj/glyphs.o
 .rodata.C_icon_crossmark_bitmap
                0x00000000       0x19 obj/glyphs.o
 .rodata.C_icon_crossmark
                0x00000000       0x14 obj/glyphs.o
 .rodata.C_icon_dashboard_x_colors
                0x00000000        0x8 obj/glyphs.o
 .rodata.C_icon_dashboard_x_bitmap
[...]
Memory Configuration

Name             Origin             Length             Attributes
DISCARD          0xd0000000         0x00100000         xrw
FLASH            0xc0d00000         0x00064000         xr
SRAM             0x20001800         0x00001000         xrw
*default*        0x00000000         0xffffffff

Linker script and memory map

LOAD obj/cx_compliance_141.o
LOAD obj/glyphs.o
LOAD obj/monero_blind.o
LOAD obj/monero_crypto.o
LOAD obj/monero_dispatch.o
LOAD obj/monero_init.o
LOAD obj/monero_io.o
LOAD obj/monero_key.o
LOAD obj/monero_main.o
LOAD obj/monero_mlsag.o
LOAD obj/monero_monero.o
LOAD obj/monero_nvram.o
LOAD obj/monero_open_tx.o
LOAD obj/monero_prehash.o
LOAD obj/monero_proof.o
LOAD obj/monero_ram.o
LOAD obj/monero_stealth.o
LOAD obj/monero_ux_msg.o
LOAD obj/monero_ux_nanos.o
LOAD obj/monero_ux_nanox.o
LOAD obj/os.o
LOAD obj/os_io_seproxyhal.o
LOAD obj/os_printf.o
LOAD obj/pic.o
LOAD obj/pic_internal.o
LOAD obj/syscalls.o
LOAD obj/tcr.o
LOAD obj/u2f_impl.o
LOAD obj/u2f_io.o
LOAD obj/u2f_transport.o
LOAD obj/usbd_ccid_cmd.o
LOAD obj/usbd_ccid_core.o
LOAD obj/usbd_ccid_if.o
LOAD obj/usbd_conf.o
LOAD obj/usbd_core.o
LOAD obj/usbd_ctlreq.o
LOAD obj/usbd_hid.o
LOAD obj/usbd_impl.o
LOAD obj/usbd_ioreq.o
LOAD /opt/bolos-env/gcc-arm-none-eabi-5_3-2016q1/bin/../lib/gcc/arm-none-eabi/5.3.1/../../../../arm-none-eabi/lib/armv6-m/libm.a
LOAD /opt/bolos-env/gcc-arm-none-eabi-5_3-2016q1/bin/../lib/gcc/arm-none-eabi/5.3.1/armv6-m/libgcc.a
LOAD /opt/bolos-env/gcc-arm-none-eabi-5_3-2016q1/bin/../lib/gcc/arm-none-eabi/5.3.1/../../../../arm-none-eabi/lib/armv6-m/libc.a
START GROUP
LOAD /opt/bolos-env/gcc-arm-none-eabi-5_3-2016q1/bin/../lib/gcc/arm-none-eabi/5.3.1/armv6-m/libgcc.a
LOAD /opt/bolos-env/gcc-arm-none-eabi-5_3-2016q1/bin/../lib/gcc/arm-none-eabi/5.3.1/../../../../arm-none-eabi/lib/armv6-m/libg.a
LOAD /opt/bolos-env/gcc-arm-none-eabi-5_3-2016q1/bin/../lib/gcc/arm-none-eabi/5.3.1/../../../../arm-none-eabi/lib/armv6-m/libc.a
END GROUP
                0x00000040                PAGE_SIZE = 0x40
                0x00000200                STACK_SIZE = 0x200
                0x20002800                END_STACK = (ORIGIN (SRAM) + LENGTH (SRAM))

.text           0xc0d00000     0x8140
                0xc0d00000                _text = .
                0xc0d00000                _nvram = .
                [!provide]                PROVIDE (_setjmp, setjmp)
 *(.boot*)
 .boot          0xc0d00000       0x54 obj/monero_main.o
                0xc0d00000                main
 *(.text*)
 .text.monero_apdu_blind
                0xc0d00054       0xa8 obj/monero_blind.o
                0xc0d00054                monero_apdu_blind
 .text.monero_unblind
                0xc0d000fc       0x60 obj/monero_blind.o
                0xc0d000fc                monero_unblind
 .text.monero_apdu_unblind
                0xc0d0015c       0x5c obj/monero_blind.o
                0xc0d0015c                monero_apdu_unblind
 .text.monero_apdu_gen_commitment_mask
                0xc0d001b8       0x30 obj/monero_blind.o
                0xc0d001b8                monero_apdu_gen_commitment_mask
 .text.monero_aes_derive
                0xc0d001e8       0xa8 obj/monero_crypto.o
                0xc0d001e8                monero_aes_derive
 .text.monero_hash_init_keccak
                0xc0d00290        0xc obj/monero_crypto.o
                0xc0d00290                monero_hash_init_keccak
 .text.monero_hash_update
                0xc0d0029c       0x18 obj/monero_crypto.o
                0xc0d0029c                monero_hash_update
 .text.monero_hash_final
                0xc0d002b4       0x18 obj/monero_crypto.o
                0xc0d002b4                monero_hash_final
 .text.monero_hash
                0xc0d002cc       0x40 obj/monero_crypto.o
                0xc0d002cc                monero_hash
 .text.monero_rng
                0xc0d0030c        0x8 obj/monero_crypto.o
                0xc0d0030c                monero_rng
 .text.monero_encode_varint
                0xc0d00314       0x22 obj/monero_crypto.o
                0xc0d00314                monero_encode_varint
 .text.monero_hash_init_sha256
                0xc0d00336        0x8 obj/monero_crypto.o
                0xc0d00336                monero_hash_init_sha256
 *fill*         0xc0d0033e        0x2 00
 .text.monero_hash_to_scalar
                0xc0d00340       0x48 obj/monero_crypto.o
                0xc0d00340                monero_hash_to_scalar
 .text.monero_reduce
                0xc0d00388       0x48 obj/monero_crypto.o
                0xc0d00388                monero_reduce
 .text.monero_hash_to_ec
                0xc0d003d0      0x3e0 obj/monero_crypto.o
                0xc0d003d0                monero_hash_to_ec
 .text.monero_ecmul_8
                0xc0d007b0       0x6c obj/monero_crypto.o
                0xc0d007b0                monero_ecmul_8
 .text.monero_generate_keypair
                0xc0d0081c       0x20 obj/monero_crypto.o
                0xc0d0081c                monero_generate_keypair
 .text.monero_ecmul_G
                0xc0d0083c       0x5c obj/monero_crypto.o
                0xc0d0083c                monero_ecmul_G
 .text.monero_generate_key_derivation
                0xc0d00898       0x20 obj/monero_crypto.o
                0xc0d00898                monero_generate_key_derivation
 .text.monero_derivation_to_scalar
                0xc0d008b8       0x78 obj/monero_crypto.o
                0xc0d008b8                monero_derivation_to_scalar
 .text.monero_derive_secret_key
                0xc0d00930       0x1e obj/monero_crypto.o
                0xc0d00930                monero_derive_secret_key
 *fill*         0xc0d0094e        0x2 00
 .text.monero_addm
                0xc0d00950       0x64 obj/monero_crypto.o
                0xc0d00950                monero_addm
 .text.monero_derive_public_key
                0xc0d009b4       0x26 obj/monero_crypto.o
                0xc0d009b4                monero_derive_public_key
 .text.monero_ecadd
                0xc0d009da       0x6a obj/monero_crypto.o
                0xc0d009da                monero_ecadd
 .text.monero_secret_key_to_public_key
                0xc0d00a44        0x8 obj/monero_crypto.o
                0xc0d00a44                monero_secret_key_to_public_key
 .text.monero_generate_key_image
                0xc0d00a4c       0x1e obj/monero_crypto.o
                0xc0d00a4c                monero_generate_key_image
 .text.monero_ecmul_k
                0xc0d00a6a       0x62 obj/monero_crypto.o
                0xc0d00a6a                monero_ecmul_k
 .text.monero_derive_subaddress_public_key
                0xc0d00acc       0x2a obj/monero_crypto.o
                0xc0d00acc                monero_derive_subaddress_public_key
 *fill*         0xc0d00af6        0x2 00
 .text.monero_ecsub
                0xc0d00af8       0x7c obj/monero_crypto.o
                0xc0d00af8                monero_ecsub
 .text.monero_get_subaddress_spend_public_key
                0xc0d00b74       0x30 obj/monero_crypto.o
                0xc0d00b74                monero_get_subaddress_spend_public_key
 .text.monero_get_subaddress_secret_key
                0xc0d00ba4       0x74 obj/monero_crypto.o
                0xc0d00ba4                monero_get_subaddress_secret_key
 .text.monero_get_subaddress
                0xc0d00c18       0x24 obj/monero_crypto.o
                0xc0d00c18                monero_get_subaddress
 .text.monero_ecmul_H
                0xc0d00c3c       0x6c obj/monero_crypto.o
                0xc0d00c3c                monero_ecmul_H
 .text.monero_multm_8
                0xc0d00ca8       0x5c obj/monero_crypto.o
                0xc0d00ca8                monero_multm_8
 .text.monero_ecdhHash
                0xc0d00d04       0x5c obj/monero_crypto.o
                0xc0d00d04                monero_ecdhHash
 .text.monero_genCommitmentMask
                0xc0d00d60       0x34 obj/monero_crypto.o
                0xc0d00d60                monero_genCommitmentMask
 .text.monero_subm
                0xc0d00d94       0x64 obj/monero_crypto.o
                0xc0d00d94                monero_subm
 .text.monero_multm
                0xc0d00df8       0x64 obj/monero_crypto.o
                0xc0d00df8                monero_multm
 .text.monero_amount2str
                0xc0d00e5c       0xe6 obj/monero_crypto.o
                0xc0d00e5c                monero_amount2str
 .text.monero_bamount2uint64
                0xc0d00f42       0x22 obj/monero_crypto.o
                0xc0d00f42                monero_bamount2uint64
 .text.monero_vamount2uint64
                0xc0d00f64       0x5c obj/monero_crypto.o
                0xc0d00f64                monero_vamount2uint64
 .text.monero_vamount2str
                0xc0d00fc0       0x14 obj/monero_crypto.o
                0xc0d00fc0                monero_vamount2str
 .text.check_potocol
                0xc0d00fd4       0x2c obj/monero_dispatch.o
                0xc0d00fd4                check_potocol
 .text.check_ins_access
                0xc0d01000       0xa0 obj/monero_dispatch.o
                0xc0d01000                check_ins_access
 .text.monero_dispatch
                0xc0d010a0      0x1ec obj/monero_dispatch.o
                0xc0d010a0                monero_dispatch
 .text.monero_init
                0xc0d0128c       0x48 obj/monero_init.o
                0xc0d0128c                monero_init
 .text.monero_install
                0xc0d012d4       0x60 obj/monero_init.o
                0xc0d012d4                monero_install
 .text.monero_init_private_key
                0xc0d01334      0x114 obj/monero_init.o
                0xc0d01334                monero_init_private_key
 .text.monero_apdu_reset
                0xc0d01448       0x80 obj/monero_init.o
                0xc0d01448                monero_apdu_reset
 .text.monero_io_inserted
                0xc0d014c8       0x14 obj/monero_io.o
                0xc0d014c8                monero_io_inserted
 .text.monero_io_discard
                0xc0d014dc       0x24 obj/monero_io.o
                0xc0d014dc                monero_io_discard
 .text.monero_io_hole
                0xc0d01500       0x34 obj/monero_io.o
                0xc0d01500                monero_io_hole
 .text.monero_io_insert
                0xc0d01534       0x28 obj/monero_io.o
                0xc0d01534                monero_io_insert
 .text.monero_io_insert_encrypt
                0xc0d0155c       0x48 obj/monero_io.o
                0xc0d0155c                monero_io_insert_encrypt
 .text.monero_io_insert_u32
                0xc0d015a4       0x28 obj/monero_io.o
                0xc0d015a4                monero_io_insert_u32
 .text.monero_io_insert_u16
                0xc0d015cc       0x20 obj/monero_io.o
                0xc0d015cc                monero_io_insert_u16
 .text.monero_io_insert_u8
                0xc0d015ec       0x1c obj/monero_io.o
                0xc0d015ec                monero_io_insert_u8
 .text.monero_io_fetch
                0xc0d01608       0x38 obj/monero_io.o
                0xc0d01608                monero_io_fetch
 .text.monero_io_fetch_decrypt
                0xc0d01640       0x54 obj/monero_io.o
                0xc0d01640                monero_io_fetch_decrypt
 .text.monero_io_fetch_decrypt_key
                0xc0d01694       0x64 obj/monero_io.o
                0xc0d01694                monero_io_fetch_decrypt_key
 .text.monero_io_fetch_u32
                0xc0d016f8       0x38 obj/monero_io.o
                0xc0d016f8                monero_io_fetch_u32
 .text.monero_io_fetch_u8
                0xc0d01730       0x24 obj/monero_io.o
                0xc0d01730                monero_io_fetch_u8
 .text.monero_io_do
                0xc0d01754       0x7c obj/monero_io.o
                0xc0d01754                monero_io_do
 .text.monero_clear_words
                0xc0d017d0       0x24 obj/monero_key.o
                0xc0d017d0                monero_clear_words
 .text.monero_apdu_manage_seedwords
                0xc0d017f4      0x21c obj/monero_key.o
                0xc0d017f4                monero_apdu_manage_seedwords
 .text.monero_apdu_put_key
                0xc0d01a10       0xc8 obj/monero_key.o
                0xc0d01a10                monero_apdu_put_key
 .text.monero_apdu_get_key
                0xc0d01ad8       0x68 obj/monero_key.o
                0xc0d01ad8                monero_apdu_get_key
 .text.monero_apdu_verify_key
                0xc0d01b40       0x70 obj/monero_key.o
                0xc0d01b40                monero_apdu_verify_key
 .text.monero_apdu_get_chacha8_prekey
                0xc0d01bb0       0x64 obj/monero_key.o
                0xc0d01bb0                monero_apdu_get_chacha8_prekey
 .text.monero_apdu_sc_add
                0xc0d01c14       0x3c obj/monero_key.o
                0xc0d01c14                monero_apdu_sc_add
 .text.monero_apdu_sc_sub
                0xc0d01c50       0x3c obj/monero_key.o
                0xc0d01c50                monero_apdu_sc_sub
 .text.monero_apdu_scal_mul_key
                0xc0d01c8c       0x3a obj/monero_key.o
                0xc0d01c8c                monero_apdu_scal_mul_key
 .text.monero_apdu_scal_mul_base
                0xc0d01cc6       0x30 obj/monero_key.o
                0xc0d01cc6                monero_apdu_scal_mul_base
 .text.monero_apdu_generate_keypair
                0xc0d01cf6       0x30 obj/monero_key.o
                0xc0d01cf6                monero_apdu_generate_keypair
 .text.monero_apdu_secret_key_to_public_key
                0xc0d01d26       0x30 obj/monero_key.o
                0xc0d01d26                monero_apdu_secret_key_to_public_key
 .text.monero_apdu_generate_key_derivation
                0xc0d01d56       0x3a obj/monero_key.o
                0xc0d01d56                monero_apdu_generate_key_derivation
 .text.monero_apdu_derivation_to_scalar
                0xc0d01d90       0x38 obj/monero_key.o
                0xc0d01d90                monero_apdu_derivation_to_scalar
 .text.monero_apdu_derive_public_key
                0xc0d01dc8       0x44 obj/monero_key.o
                0xc0d01dc8                monero_apdu_derive_public_key
 .text.monero_apdu_derive_secret_key
                0xc0d01e0c       0x42 obj/monero_key.o
                0xc0d01e0c                monero_apdu_derive_secret_key
 .text.monero_apdu_generate_key_image
                0xc0d01e4e       0x3c obj/monero_key.o
                0xc0d01e4e                monero_apdu_generate_key_image
 .text.monero_apdu_derive_subaddress_public_key
                0xc0d01e8a       0x44 obj/monero_key.o
                0xc0d01e8a                monero_apdu_derive_subaddress_public_key
 .text.monero_apdu_get_subaddress
                0xc0d01ece       0x3c obj/monero_key.o
                0xc0d01ece                monero_apdu_get_subaddress
 .text.monero_apdu_get_subaddress_spend_public_key
                0xc0d01f0a       0x2e obj/monero_key.o
                0xc0d01f0a                monero_apdu_get_subaddress_spend_public_key
 .text.monero_apdu_get_subaddress_secret_key
                0xc0d01f38       0x38 obj/monero_key.o
                0xc0d01f38                monero_apdu_get_subaddress_secret_key
 .text.monero_apu_generate_txout_keys
                0xc0d01f70      0x17c obj/monero_key.o
                0xc0d01f70                monero_apu_generate_txout_keys
 .text.monero_main
                0xc0d020ec       0xa0 obj/monero_main.o
                0xc0d020ec                monero_main
 .text.io_event
                0xc0d0218c      0x5b0 obj/monero_main.o
                0xc0d0218c                io_event
 .text.io_exchange_al
                0xc0d0273c       0x48 obj/monero_main.o
                0xc0d0273c                io_exchange_al
 .text.app_exit
                0xc0d02784       0x42 obj/monero_main.o
                0xc0d02784                app_exit
 *fill*         0xc0d027c6        0x2 00
 .text.monero_apdu_mlsag_prepare
                0xc0d027c8       0xd0 obj/monero_mlsag.o
                0xc0d027c8                monero_apdu_mlsag_prepare
 .text.monero_apdu_mlsag_hash
                0xc0d02898       0x84 obj/monero_mlsag.o
                0xc0d02898                monero_apdu_mlsag_hash
 .text.monero_apdu_mlsag_sign
                0xc0d0291c       0x9c obj/monero_mlsag.o
                0xc0d0291c                monero_apdu_mlsag_sign
 .text.monero_base58_public_key
                0xc0d029b8       0xf0 obj/monero_monero.o
                0xc0d029b8                monero_base58_public_key
 .text.encode_block
                0xc0d02aa8      0x100 obj/monero_monero.o
 .text.monero_reset_tx
                0xc0d02ba8       0x5c obj/monero_open_tx.o
                0xc0d02ba8                monero_reset_tx
 .text.monero_apdu_open_tx
                0xc0d02c04       0x64 obj/monero_open_tx.o
                0xc0d02c04                monero_apdu_open_tx
 .text.monero_apdu_close_tx
                0xc0d02c68       0x24 obj/monero_open_tx.o
                0xc0d02c68                monero_apdu_close_tx
 .text.monero_abort_tx
                0xc0d02c8c        0xa obj/monero_open_tx.o
                0xc0d02c8c                monero_abort_tx
 *fill*         0xc0d02c96        0x2 00
 .text.monero_apdu_set_signature_mode
                0xc0d02c98       0x38 obj/monero_open_tx.o
                0xc0d02c98                monero_apdu_set_signature_mode
 .text.monero_apdu_mlsag_prehash_init
                0xc0d02cd0       0x9c obj/monero_prehash.o
                0xc0d02cd0                monero_apdu_mlsag_prehash_init
 .text.monero_apdu_mlsag_prehash_update
                0xc0d02d6c      0x204 obj/monero_prehash.o
                0xc0d02d6c                monero_apdu_mlsag_prehash_update
 .text.monero_apdu_mlsag_prehash_finalize
                0xc0d02f70       0xe0 obj/monero_prehash.o
                0xc0d02f70                monero_apdu_mlsag_prehash_finalize
 .text.monero_apdu_get_tx_proof
                0xc0d03050      0x118 obj/monero_proof.o
                0xc0d03050                monero_apdu_get_tx_proof
 .text.monero_apdu_stealth
                0xc0d03168       0x78 obj/monero_stealth.o
                0xc0d03168                monero_apdu_stealth
 .text.ui_menu_amount_validation_action
                0xc0d031e0       0x40 obj/monero_ux_nanos.o
                0xc0d031e0                ui_menu_amount_validation_action
 .text.ui_menu_amount_validation_preprocessor
                0xc0d03220       0x30 obj/monero_ux_nanos.o
                0xc0d03220                ui_menu_amount_validation_preprocessor
 .text.ui_menu_main_display
                0xc0d03250       0x18 obj/monero_ux_nanos.o
                0xc0d03250                ui_menu_main_display
 .text.ui_menu_fee_validation_display
                0xc0d03268       0x1c obj/monero_ux_nanos.o
                0xc0d03268                ui_menu_fee_validation_display
 .text.ui_menu_change_validation_display
                0xc0d03284       0x1c obj/monero_ux_nanos.o
                0xc0d03284                ui_menu_change_validation_display
 .text.ui_menu_words_back
                0xc0d032a0       0x14 obj/monero_ux_nanos.o
                0xc0d032a0                ui_menu_words_back
 .text.ui_menu_words_clear
                0xc0d032b4       0x20 obj/monero_ux_nanos.o
                0xc0d032b4                ui_menu_words_clear
 .text.ui_menu_words_preprocessor
                0xc0d032d4       0x48 obj/monero_ux_nanos.o
                0xc0d032d4                ui_menu_words_preprocessor
 .text.ui_menu_words_display
                0xc0d0331c       0x1c obj/monero_ux_nanos.o
                0xc0d0331c                ui_menu_words_display
 .text.ui_menu_validation_action
                0xc0d03338       0x40 obj/monero_ux_nanos.o
                0xc0d03338                ui_menu_validation_action
 .text.ui_menu_validation_preprocessor
                0xc0d03378      0x164 obj/monero_ux_nanos.o
                0xc0d03378                ui_menu_validation_preprocessor
 .text.ui_menu_validation_display
                0xc0d034dc       0x1c obj/monero_ux_nanos.o
                0xc0d034dc                ui_menu_validation_display
 .text.ui_export_viewkey_display
                0xc0d034f8       0xa4 obj/monero_ux_nanos.o
                0xc0d034f8                ui_export_viewkey_display
 .text.ui_export_viewkey_button
                0xc0d0359c       0x6c obj/monero_ux_nanos.o
                0xc0d0359c                ui_export_viewkey_button
 .text.ui_export_viewkey_prepro
                0xc0d03608       0x60 obj/monero_ux_nanos.o
                0xc0d03608                ui_export_viewkey_prepro
 .text.io_seproxyhal_display
                0xc0d03668        0x8 obj/monero_ux_nanos.o
                0xc0d03668                io_seproxyhal_display
 .text.ui_menu_network_action
                0xc0d03670       0x24 obj/monero_ux_nanos.o
                0xc0d03670                ui_menu_network_action
 .text.ui_menu_network_preprocessor
                0xc0d03694       0xac obj/monero_ux_nanos.o
                0xc0d03694                ui_menu_network_preprocessor
 .text.ui_menu_network_display
                0xc0d03740       0x18 obj/monero_ux_nanos.o
                0xc0d03740                ui_menu_network_display
 .text.ui_menu_reset_action
                0xc0d03758       0x38 obj/monero_ux_nanos.o
                0xc0d03758                ui_menu_reset_action
 .text.ui_menu_pubaddr_preprocessor
                0xc0d03790      0x14c obj/monero_ux_nanos.o
                0xc0d03790                ui_menu_pubaddr_preprocessor
 .text.ui_menu_pubaddr_display
                0xc0d038dc       0x3c obj/monero_ux_nanos.o
                0xc0d038dc                ui_menu_pubaddr_display
 .text.ui_menu_main_preprocessor
                0xc0d03918       0x7c obj/monero_ux_nanos.o
                0xc0d03918                ui_menu_main_preprocessor
 .text.ui_init  0xc0d03994       0x28 obj/monero_ux_nanos.o
                0xc0d03994                ui_init
 .text.os_boot  0xc0d039bc        0x6 obj/os.o
                0xc0d039bc                os_boot
 .text.try_context_set
                0xc0d039c2        0x4 obj/os.o
                0xc0d039c2                try_context_set
 *fill*         0xc0d039c6        0x2 00
 .text.io_usb_hid_receive
                0xc0d039c8      0x1b8 obj/os.o
                0xc0d039c8                io_usb_hid_receive
 .text.os_memset
                0xc0d03b80       0x12 obj/os.o
                0xc0d03b80                os_memset
 .text.os_memmove
                0xc0d03b92       0x2c obj/os.o
                0xc0d03b92                os_memmove
 *fill*         0xc0d03bbe        0x2 00
 .text.io_usb_hid_init
                0xc0d03bc0        0xc obj/os.o
                0xc0d03bc0                io_usb_hid_init
 .text.io_usb_hid_sent
                0xc0d03bcc      0x108 obj/os.o
                0xc0d03bcc                io_usb_hid_sent
 .text.io_usb_hid_send
                0xc0d03cd4       0x34 obj/os.o
                0xc0d03cd4                io_usb_hid_send
 .text.os_memcmp
                0xc0d03d08       0x28 obj/os.o
                0xc0d03d08                os_memcmp
 .text.os_longjmp
                0xc0d03d30        0x8 obj/os.o
                0xc0d03d30                os_longjmp
 .text.try_context_get
                0xc0d03d38        0x4 obj/os.o
                0xc0d03d38                try_context_get
 .text.try_context_get_previous
                0xc0d03d3c        0xc obj/os.o
                0xc0d03d3c                try_context_get_previous
 .text.io_seproxyhal_general_status
                0xc0d03d48       0x2c obj/os_io_seproxyhal.o
                0xc0d03d48                io_seproxyhal_general_status
 .text.io_seproxyhal_handle_usb_event
                0xc0d03d74       0x7c obj/os_io_seproxyhal.o
                0xc0d03d74                io_seproxyhal_handle_usb_event
 .text.io_seproxyhal_get_ep_rx_size
                0xc0d03df0       0x10 obj/os_io_seproxyhal.o
                0xc0d03df0                io_seproxyhal_get_ep_rx_size
 .text.io_seproxyhal_handle_usb_ep_xfer_event
                0xc0d03e00       0x64 obj/os_io_seproxyhal.o
                0xc0d03e00                io_seproxyhal_handle_usb_ep_xfer_event
 .text.io_usb_send_ep
                0xc0d03e64       0x4c obj/os_io_seproxyhal.o
                0xc0d03e64                io_usb_send_ep
 .text.io_usb_send_apdu_data
                0xc0d03eb0       0x10 obj/os_io_seproxyhal.o
                0xc0d03eb0                io_usb_send_apdu_data
 .text.io_seproxyhal_handle_capdu_event
                0xc0d03ec0       0x50 obj/os_io_seproxyhal.o
                0xc0d03ec0                io_seproxyhal_handle_capdu_event
 .text.io_seproxyhal_handle_event
                0xc0d03f10       0x8c obj/os_io_seproxyhal.o
                0xc0d03f10                io_seproxyhal_handle_event
 .text.io_seproxyhal_init
                0xc0d03f9c       0x40 obj/os_io_seproxyhal.o
                0xc0d03f9c                io_seproxyhal_init
 .text.io_seproxyhal_init_ux
                0xc0d03fdc        0xc obj/os_io_seproxyhal.o
                0xc0d03fdc                io_seproxyhal_init_ux
 .text.io_seproxyhal_init_button
                0xc0d03fe8       0x14 obj/os_io_seproxyhal.o
                0xc0d03fe8                io_seproxyhal_init_button
 .text.io_seproxyhal_touch_out
                0xc0d03ffc       0x40 obj/os_io_seproxyhal.o
                0xc0d03ffc                io_seproxyhal_touch_out
 .text.io_seproxyhal_touch_over
                0xc0d0403c       0x5a obj/os_io_seproxyhal.o
                0xc0d0403c                io_seproxyhal_touch_over
 .text.io_seproxyhal_touch_tap
                0xc0d04096       0x40 obj/os_io_seproxyhal.o
                0xc0d04096                io_seproxyhal_touch_tap
 *fill*         0xc0d040d6        0x2 00
 .text.io_seproxyhal_touch_element_callback
                0xc0d040d8      0x110 obj/os_io_seproxyhal.o
                0xc0d040d8                io_seproxyhal_touch_element_callback
 .text.io_seproxyhal_display_icon
                0xc0d041e8       0x88 obj/os_io_seproxyhal.o
                0xc0d041e8                io_seproxyhal_display_icon
 .text.io_seproxyhal_display_default
                0xc0d04270       0x84 obj/os_io_seproxyhal.o
                0xc0d04270                io_seproxyhal_display_default
 .text.io_seproxyhal_button_push
                0xc0d042f4       0x70 obj/os_io_seproxyhal.o
                0xc0d042f4                io_seproxyhal_button_push
 .text.os_io_seproxyhal_get_app_name_and_version
                0xc0d04364       0x48 obj/os_io_seproxyhal.o
                0xc0d04364                os_io_seproxyhal_get_app_name_and_version
 .text.io_exchange
                0xc0d043ac      0x1fc obj/os_io_seproxyhal.o
                0xc0d043ac                io_exchange
 .text.ux_menu_element_preprocessor
                0xc0d045a8      0x180 obj/os_io_seproxyhal.o
                0xc0d045a8                ux_menu_element_preprocessor
 .text.ux_menu_elements_button
                0xc0d04728      0x124 obj/os_io_seproxyhal.o
                0xc0d04728                ux_menu_elements_button
 .text.ux_menu_display
                0xc0d0484c      0x11c obj/os_io_seproxyhal.o
                0xc0d0484c                ux_menu_display
 .text.ux_check_status_default
                0xc0d04968        0x2 obj/os_io_seproxyhal.o
                0xc0d04968                ux_check_status
                0xc0d04968                ux_check_status_default
 *fill*         0xc0d0496a        0x2 00
 .text.pic      0xc0d0496c       0x1c obj/pic.o
                0xc0d0496c                pic
 .text.pic_internal
                0xc0d04988       0x10 obj/pic_internal.o
                0xc0d04988                pic_internal
 .text.SVC_Call
                0xc0d04998        0x4 obj/syscalls.o
                0xc0d04998                SVC_Call
 .text.check_api_level
                0xc0d0499c       0x2c obj/syscalls.o
                0xc0d0499c                check_api_level
 .text.reset    0xc0d049c8       0x28 obj/syscalls.o
                0xc0d049c8                reset
 .text.nvm_write
                0xc0d049f0       0x2c obj/syscalls.o
                0xc0d049f0                nvm_write
 .text.cx_rng   0xc0d04a1c       0x30 obj/syscalls.o
                0xc0d04a1c                cx_rng
 .text.cx_hash  0xc0d04a4c       0x38 obj/syscalls.o
                0xc0d04a4c                cx_hash
 .text.cx_sha256_init
                0xc0d04a84       0x2c obj/syscalls.o
                0xc0d04a84                cx_sha256_init
 .text.cx_keccak_init
                0xc0d04ab0       0x30 obj/syscalls.o
                0xc0d04ab0                cx_keccak_init
 .text.cx_aes_init_key
                0xc0d04ae0       0x30 obj/syscalls.o
                0xc0d04ae0                cx_aes_init_key
 .text.cx_aes   0xc0d04b10       0x38 obj/syscalls.o
                0xc0d04b10                cx_aes
 .text.cx_ecfp_add_point
                0xc0d04b48       0x34 obj/syscalls.o
                0xc0d04b48                cx_ecfp_add_point
 .text.cx_ecfp_scalar_mult
                0xc0d04b7c       0x34 obj/syscalls.o
                0xc0d04b7c                cx_ecfp_scalar_mult
 .text.cx_edward_compress_point
                0xc0d04bb0       0x2c obj/syscalls.o
                0xc0d04bb0                cx_edward_compress_point
 .text.cx_edward_decompress_point
                0xc0d04bdc       0x2c obj/syscalls.o
                0xc0d04bdc                cx_edward_decompress_point
 .text.cx_math_is_zero
                0xc0d04c08       0x30 obj/syscalls.o
                0xc0d04c08                cx_math_is_zero
 .text.cx_math_sub
                0xc0d04c38       0x30 obj/syscalls.o
                0xc0d04c38                cx_math_sub
 .text.cx_math_addm
                0xc0d04c68       0x30 obj/syscalls.o
                0xc0d04c68                cx_math_addm
 .text.cx_math_subm
                0xc0d04c98       0x30 obj/syscalls.o
                0xc0d04c98                cx_math_subm
 .text.cx_math_multm
                0xc0d04cc8       0x30 obj/syscalls.o
                0xc0d04cc8                cx_math_multm
 .text.cx_math_powm
                0xc0d04cf8       0x34 obj/syscalls.o
                0xc0d04cf8                cx_math_powm
 .text.cx_math_modm
                0xc0d04d2c       0x2c obj/syscalls.o
                0xc0d04d2c                cx_math_modm
 .text.cx_math_invprimem
                0xc0d04d58       0x2c obj/syscalls.o
                0xc0d04d58                cx_math_invprimem
 .text.os_perso_derive_node_bip32
                0xc0d04d84       0x30 obj/syscalls.o
                0xc0d04d84                os_perso_derive_node_bip32
 .text.os_global_pin_is_validated
                0xc0d04db4       0x2c obj/syscalls.o
                0xc0d04db4                os_global_pin_is_validated
 .text.os_sched_exit
                0xc0d04de0       0x2c obj/syscalls.o
                0xc0d04de0                os_sched_exit
 .text.os_ux    0xc0d04e0c       0x2c obj/syscalls.o
                0xc0d04e0c                os_ux
 .text.os_flags
                0xc0d04e38       0x2c obj/syscalls.o
                0xc0d04e38                os_flags
 .text.os_registry_get_current_app_tag
                0xc0d04e64       0x30 obj/syscalls.o
                0xc0d04e64                os_registry_get_current_app_tag
 .text.io_seproxyhal_spi_send
                0xc0d04e94       0x2c obj/syscalls.o
                0xc0d04e94                io_seproxyhal_spi_send
 .text.io_seproxyhal_spi_is_status_sent
                0xc0d04ec0       0x2c obj/syscalls.o
                0xc0d04ec0                io_seproxyhal_spi_is_status_sent
 .text.io_seproxyhal_spi_recv
                0xc0d04eec       0x30 obj/syscalls.o
                0xc0d04eec                io_seproxyhal_spi_recv
 .text.u2f_apdu_sign
                0xc0d04f1c      0x104 obj/u2f_impl.o
                0xc0d04f1c                u2f_apdu_sign
 .text.u2f_handle_cmd_init
                0xc0d05020       0x8c obj/u2f_impl.o
                0xc0d05020                u2f_handle_cmd_init
 .text.u2f_handle_cmd_msg
                0xc0d050ac       0xbc obj/u2f_impl.o
                0xc0d050ac                u2f_handle_cmd_msg
 .text.u2f_message_complete
                0xc0d05168       0x3c obj/u2f_impl.o
                0xc0d05168                u2f_message_complete
 .text.u2f_io_send
                0xc0d051a4       0x34 obj/u2f_io.o
                0xc0d051a4                u2f_io_send
 .text.u2f_transport_init
                0xc0d051d8       0x10 obj/u2f_transport.o
                0xc0d051d8                u2f_transport_init
 .text.u2f_transport_sent
                0xc0d051e8       0xcc obj/u2f_transport.o
                0xc0d051e8                u2f_transport_sent
 .text.u2f_transport_received
                0xc0d052b4      0x390 obj/u2f_transport.o
                0xc0d052b4                u2f_transport_received
 .text.u2f_is_channel_broadcast
                0xc0d05644       0x18 obj/u2f_transport.o
                0xc0d05644                u2f_is_channel_broadcast
 .text.u2f_message_reply
                0xc0d0565c       0x1c obj/u2f_transport.o
                0xc0d0565c                u2f_message_reply
 .text.USBD_LL_Init
                0xc0d05678       0x14 obj/usbd_conf.o
                0xc0d05678                USBD_LL_Init
 .text.USBD_LL_DeInit
                0xc0d0568c       0x24 obj/usbd_conf.o
                0xc0d0568c                USBD_LL_DeInit
 .text.USBD_LL_Start
                0xc0d056b0       0x38 obj/usbd_conf.o
                0xc0d056b0                USBD_LL_Start
 .text.USBD_LL_Stop
                0xc0d056e8       0x22 obj/usbd_conf.o
                0xc0d056e8                USBD_LL_Stop
 *fill*         0xc0d0570a        0x2 00
 .text.USBD_LL_OpenEP
                0xc0d0570c       0x60 obj/usbd_conf.o
                0xc0d0570c                USBD_LL_OpenEP
 .text.USBD_LL_CloseEP
                0xc0d0576c       0x2c obj/usbd_conf.o
                0xc0d0576c                USBD_LL_CloseEP
 .text.USBD_LL_StallEP
                0xc0d05798       0x48 obj/usbd_conf.o
                0xc0d05798                USBD_LL_StallEP
 .text.USBD_LL_ClearStallEP
                0xc0d057e0       0x48 obj/usbd_conf.o
                0xc0d057e0                USBD_LL_ClearStallEP
 .text.USBD_LL_IsStallEP
                0xc0d05828       0x20 obj/usbd_conf.o
                0xc0d05828                USBD_LL_IsStallEP
 .text.USBD_LL_SetUSBAddress
                0xc0d05848       0x24 obj/usbd_conf.o
                0xc0d05848                USBD_LL_SetUSBAddress
 .text.USBD_LL_Transmit
                0xc0d0586c       0x32 obj/usbd_conf.o
                0xc0d0586c                USBD_LL_Transmit
 .text.USBD_LL_PrepareReceive
                0xc0d0589e       0x26 obj/usbd_conf.o
                0xc0d0589e                USBD_LL_PrepareReceive
 .text.USBD_Init
                0xc0d058c4       0x32 obj/usbd_core.o
                0xc0d058c4                USBD_Init
 .text.USBD_DeInit
                0xc0d058f6       0x3c obj/usbd_core.o
                0xc0d058f6                USBD_DeInit
 .text.USBD_RegisterClassForInterface
                0xc0d05932       0x1a obj/usbd_core.o
                0xc0d05932                USBD_RegisterClassForInterface
 .text.USBD_Start
                0xc0d0594c        0xa obj/usbd_core.o
                0xc0d0594c                USBD_Start
 .text.USBD_SetClassConfig
                0xc0d05956       0x36 obj/usbd_core.o
                0xc0d05956                USBD_SetClassConfig
 .text.USBD_ClrClassConfig
                0xc0d0598c       0x36 obj/usbd_core.o
                0xc0d0598c                USBD_ClrClassConfig
 .text.USBD_LL_SetupStage
                0xc0d059c2       0x5c obj/usbd_core.o
                0xc0d059c2                USBD_LL_SetupStage
 .text.USBD_LL_DataOutStage
                0xc0d05a1e       0xb0 obj/usbd_core.o
                0xc0d05a1e                USBD_LL_DataOutStage
 .text.USBD_LL_DataInStage
                0xc0d05ace       0xe8 obj/usbd_core.o
                0xc0d05ace                USBD_LL_DataInStage
 .text.USBD_LL_Reset
                0xc0d05bb6       0x3e obj/usbd_core.o
                0xc0d05bb6                USBD_LL_Reset
 .text.USBD_LL_SetSpeed
                0xc0d05bf4        0x6 obj/usbd_core.o
                0xc0d05bf4                USBD_LL_SetSpeed
 .text.USBD_LL_Suspend
                0xc0d05bfa        0x4 obj/usbd_core.o
                0xc0d05bfa                USBD_LL_Suspend
 .text.USBD_LL_Resume
                0xc0d05bfe        0x4 obj/usbd_core.o
                0xc0d05bfe                USBD_LL_Resume
 .text.USBD_LL_SOF
                0xc0d05c02       0x3a obj/usbd_core.o
                0xc0d05c02                USBD_LL_SOF
 .text.usbd_is_valid_intf
                0xc0d05c3c       0x1a obj/usbd_ctlreq.o
                0xc0d05c3c                usbd_is_valid_intf
 .text.USBD_StdDevReq
                0xc0d05c56       0x5a obj/usbd_ctlreq.o
                0xc0d05c56                USBD_StdDevReq
 .text.USBD_GetDescriptor
                0xc0d05cb0      0x104 obj/usbd_ctlreq.o
                0xc0d05cb0                USBD_GetDescriptor
 .text.USBD_SetAddress
                0xc0d05db4       0x4c obj/usbd_ctlreq.o
                0xc0d05db4                USBD_SetAddress
 .text.USBD_SetConfig
                0xc0d05e00       0x6e obj/usbd_ctlreq.o
                0xc0d05e00                USBD_SetConfig
 .text.USBD_GetConfig
                0xc0d05e6e       0x2e obj/usbd_ctlreq.o
                0xc0d05e6e                USBD_GetConfig
 .text.USBD_GetStatus
                0xc0d05e9c       0x44 obj/usbd_ctlreq.o
                0xc0d05e9c                USBD_GetStatus
 .text.USBD_SetFeature
                0xc0d05ee0       0x3a obj/usbd_ctlreq.o
                0xc0d05ee0                USBD_SetFeature
 .text.USBD_ClrFeature
                0xc0d05f1a       0x50 obj/usbd_ctlreq.o
                0xc0d05f1a                USBD_ClrFeature
 .text.USBD_CtlError
                0xc0d05f6a       0x14 obj/usbd_ctlreq.o
                0xc0d05f6a                USBD_CtlError
 .text.USBD_StdItfReq
                0xc0d05f7e       0x48 obj/usbd_ctlreq.o
                0xc0d05f7e                USBD_StdItfReq
 .text.USBD_StdEPReq
                0xc0d05fc6      0x108 obj/usbd_ctlreq.o
                0xc0d05fc6                USBD_StdEPReq
 .text.USBD_ParseSetupRequest
                0xc0d060ce       0x28 obj/usbd_ctlreq.o
                0xc0d060ce                USBD_ParseSetupRequest
 .text.USBD_HID_Setup
                0xc0d060f6       0x96 obj/usbd_hid.o
                0xc0d060f6                USBD_HID_Setup
 .text.USBD_HID_Init
                0xc0d0618c       0x32 obj/usbd_hid.o
                0xc0d0618c                USBD_HID_Init
 .text.USBD_HID_DeInit
                0xc0d061be       0x16 obj/usbd_hid.o
                0xc0d061be                USBD_HID_DeInit
 .text.USBD_HID_GetHidDescriptor_impl
                0xc0d061d4       0x34 obj/usbd_impl.o
                0xc0d061d4                USBD_HID_GetHidDescriptor_impl
 .text.USBD_HID_GetReportDescriptor_impl
                0xc0d06208       0x64 obj/usbd_impl.o
                0xc0d06208                USBD_HID_GetReportDescriptor_impl
 .text.USBD_U2F_Init
                0xc0d0626c       0x32 obj/usbd_impl.o
                0xc0d0626c                USBD_U2F_Init
 *fill*         0xc0d0629e        0x2 00
 .text.USBD_U2F_DataIn_impl
                0xc0d062a0       0x18 obj/usbd_impl.o
                0xc0d062a0                USBD_U2F_DataIn_impl
 .text.USBD_U2F_DataOut_impl
                0xc0d062b8       0x2c obj/usbd_impl.o
                0xc0d062b8                USBD_U2F_DataOut_impl
 .text.USBD_HID_DataIn_impl
                0xc0d062e4       0x18 obj/usbd_impl.o
                0xc0d062e4                USBD_HID_DataIn_impl
 .text.USBD_HID_DataOut_impl
                0xc0d062fc       0x58 obj/usbd_impl.o
                0xc0d062fc                USBD_HID_DataOut_impl
 .text.USBD_DeviceDescriptor
                0xc0d06354       0x10 obj/usbd_impl.o
 .text.USBD_LangIDStrDescriptor
                0xc0d06364       0x10 obj/usbd_impl.o
 .text.USBD_ManufacturerStrDescriptor
                0xc0d06374       0x10 obj/usbd_impl.o
 .text.USBD_ProductStrDescriptor
                0xc0d06384       0x10 obj/usbd_impl.o
 .text.USBD_SerialStrDescriptor
                0xc0d06394       0x10 obj/usbd_impl.o
 .text.USBD_ConfigStrDescriptor
                0xc0d063a4       0x10 obj/usbd_impl.o
 .text.USBD_InterfaceStrDescriptor
                0xc0d063b4       0x10 obj/usbd_impl.o
 .text.USB_power
                0xc0d063c4       0x7c obj/usbd_impl.o
                0xc0d063c4                USB_power
 .text.USBD_GetCfgDesc_impl
                0xc0d06440       0x10 obj/usbd_impl.o
 .text.USBD_GetDeviceQualifierDesc_impl
                0xc0d06450       0x10 obj/usbd_impl.o
 .text.USBD_CtlSendData
                0xc0d06460       0x2c obj/usbd_ioreq.o
                0xc0d06460                USBD_CtlSendData
 .text.USBD_CtlContinueSendData
                0xc0d0648c       0x1c obj/usbd_ioreq.o
                0xc0d0648c                USBD_CtlContinueSendData
 .text.USBD_CtlContinueRx
                0xc0d064a8        0xe obj/usbd_ioreq.o
                0xc0d064a8                USBD_CtlContinueRx
 .text.USBD_CtlSendStatus
                0xc0d064b6       0x18 obj/usbd_ioreq.o
                0xc0d064b6                USBD_CtlSendStatus
 .text.USBD_CtlReceiveStatus
                0xc0d064ce       0x16 obj/usbd_ioreq.o
                0xc0d064ce                USBD_CtlReceiveStatus
 .text          0xc0d064e4      0x114 /opt/bolos-env/gcc-arm-none-eabi-5_3-2016q1/bin/../lib/gcc/arm-none-eabi/5.3.1/armv6-m/libgcc.a(_udivsi3.o)
                0xc0d064e4                __udivsi3
                0xc0d064e4                __aeabi_uidiv
                0xc0d065f0                __aeabi_uidivmod
 .text          0xc0d065f8        0x4 /opt/bolos-env/gcc-arm-none-eabi-5_3-2016q1/bin/../lib/gcc/arm-none-eabi/5.3.1/armv6-m/libgcc.a(_dvmd_tls.o)
                0xc0d065f8                __aeabi_ldiv0
                0xc0d065f8                __aeabi_idiv0
 .text          0xc0d065fc       0x18 /opt/bolos-env/gcc-arm-none-eabi-5_3-2016q1/bin/../lib/gcc/arm-none-eabi/5.3.1/armv6-m/libgcc.a(_ashldi3.o)
                0xc0d065fc                __ashldi3
                0xc0d065fc                __aeabi_llsl
 .text          0xc0d06614       0x40 /opt/bolos-env/gcc-arm-none-eabi-5_3-2016q1/bin/../lib/gcc/arm-none-eabi/5.3.1/armv6-m/libgcc.a(_aeabi_uldivmod.o)
                0xc0d06614                __aeabi_uldivmod
 .text          0xc0d06654       0x58 /opt/bolos-env/gcc-arm-none-eabi-5_3-2016q1/bin/../lib/gcc/arm-none-eabi/5.3.1/armv6-m/libgcc.a(_muldi3.o)
                0xc0d06654                __aeabi_lmul
                0xc0d06654                __muldi3
 .text          0xc0d066ac      0x180 /opt/bolos-env/gcc-arm-none-eabi-5_3-2016q1/bin/../lib/gcc/arm-none-eabi/5.3.1/armv6-m/libgcc.a(_udivmoddi4.o)
                0xc0d066ac                __udivmoddi4
 .text          0xc0d0682c       0x18 /opt/bolos-env/gcc-arm-none-eabi-5_3-2016q1/bin/../lib/gcc/arm-none-eabi/5.3.1/armv6-m/libgcc.a(_clzdi2.o)
                0xc0d0682c                __clzdi2
 .text          0xc0d06844       0x3c /opt/bolos-env/gcc-arm-none-eabi-5_3-2016q1/bin/../lib/gcc/arm-none-eabi/5.3.1/armv6-m/libgcc.a(_clzsi2.o)
                0xc0d06844                __clzsi2
 .text.__aeabi_memclr
                0xc0d06880        0xc /opt/bolos-env/gcc-arm-none-eabi-5_3-2016q1/bin/../lib/gcc/arm-none-eabi/5.3.1/../../../../arm-none-eabi/lib/armv6-m/libc.a(lib_a-aeabi_memclr.o)
                0xc0d06880                __aeabi_memclr8
                0xc0d06880                __aeabi_memclr
                0xc0d06880                __aeabi_memclr4
 .text.__aeabi_memcpy
                0xc0d0688c        0x8 /opt/bolos-env/gcc-arm-none-eabi-5_3-2016q1/bin/../lib/gcc/arm-none-eabi/5.3.1/../../../../arm-none-eabi/lib/armv6-m/libc.a(lib_a-aeabi_memcpy.o)
                0xc0d0688c                __aeabi_memcpy
                0xc0d0688c                __aeabi_memcpy4
                0xc0d0688c                __aeabi_memcpy8
 .text.__aeabi_memset
                0xc0d06894       0x10 /opt/bolos-env/gcc-arm-none-eabi-5_3-2016q1/bin/../lib/gcc/arm-none-eabi/5.3.1/../../../../arm-none-eabi/lib/armv6-m/libc.a(lib_a-aeabi_memset.o)
                0xc0d06894                __aeabi_memset
                0xc0d06894                __aeabi_memset8
                0xc0d06894                __aeabi_memset4
 .text.memcpy   0xc0d068a4       0x7c /opt/bolos-env/gcc-arm-none-eabi-5_3-2016q1/bin/../lib/gcc/arm-none-eabi/5.3.1/../../../../arm-none-eabi/lib/armv6-m/libc.a(lib_a-memcpy-stub.o)
                0xc0d068a4                memcpy
 .text.memset   0xc0d06920       0x8c /opt/bolos-env/gcc-arm-none-eabi-5_3-2016q1/bin/../lib/gcc/arm-none-eabi/5.3.1/../../../../arm-none-eabi/lib/armv6-m/libc.a(lib_a-memset.o)
                0xc0d06920                memset
 .text          0xc0d069ac       0x34 /opt/bolos-env/gcc-arm-none-eabi-5_3-2016q1/bin/../lib/gcc/arm-none-eabi/5.3.1/../../../../arm-none-eabi/lib/armv6-m/libc.a(lib_a-setjmp.o)
                0xc0d069ac                setjmp
                0xc0d069c4                longjmp
 .text.strlen   0xc0d069e0       0x68 /opt/bolos-env/gcc-arm-none-eabi-5_3-2016q1/bin/../lib/gcc/arm-none-eabi/5.3.1/../../../../arm-none-eabi/lib/armv6-m/libc.a(lib_a-strlen-stub.o)
                0xc0d069e0                strlen
 *(.rodata)
 *(.rodata.[^N]*)
 .rodata.C_badge_back_colors
                0xc0d06a48        0x8 obj/glyphs.o
                0xc0d06a48                C_badge_back_colors
 .rodata.C_badge_back_bitmap
                0xc0d06a50       0x19 obj/glyphs.o
                0xc0d06a50                C_badge_back_bitmap
 *fill*         0xc0d06a69        0x3 00
 .rodata.C_badge_back
                0xc0d06a6c       0x14 obj/glyphs.o
                0xc0d06a6c                C_badge_back
 .rodata.C_icon_dashboard_colors
                0xc0d06a80        0x8 obj/glyphs.o
                0xc0d06a80                C_icon_dashboard_colors
 .rodata.C_icon_dashboard_bitmap
                0xc0d06a88       0x19 obj/glyphs.o
                0xc0d06a88                C_icon_dashboard_bitmap
 *fill*         0xc0d06aa1        0x3 00
 .rodata.C_icon_dashboard
                0xc0d06aa4       0x14 obj/glyphs.o
                0xc0d06aa4                C_icon_dashboard
 .rodata.C_ED25519_ORDER
                0xc0d06ab8       0x20 obj/monero_crypto.o
                0xc0d06ab8                C_ED25519_ORDER
 .rodata.C_ED25519_FIELD
                0xc0d06ad8       0x20 obj/monero_crypto.o
                0xc0d06ad8                C_ED25519_FIELD
 .rodata.C_fe_ma2
                0xc0d06af8       0x20 obj/monero_crypto.o
                0xc0d06af8                C_fe_ma2
 .rodata.C_fe_ma
                0xc0d06b18       0x20 obj/monero_crypto.o
                0xc0d06b18                C_fe_ma
 .rodata.C_fe_fffb1
                0xc0d06b38       0x20 obj/monero_crypto.o
                0xc0d06b38                C_fe_fffb1
 .rodata.C_fe_fffb2
                0xc0d06b58       0x20 obj/monero_crypto.o
                0xc0d06b58                C_fe_fffb2
 .rodata.C_fe_fffb3
                0xc0d06b78       0x20 obj/monero_crypto.o
                0xc0d06b78                C_fe_fffb3
 .rodata.C_fe_fffb4
                0xc0d06b98       0x20 obj/monero_crypto.o
                0xc0d06b98                C_fe_fffb4
 .rodata.C_fe_sqrtm1
                0xc0d06bb8       0x20 obj/monero_crypto.o
                0xc0d06bb8                C_fe_sqrtm1
 .rodata.C_fe_qm5div8
                0xc0d06bd8       0x20 obj/monero_crypto.o
                0xc0d06bd8                C_fe_qm5div8
 .rodata.C_sub_address_prefix
                0xc0d06bf8        0x8 obj/monero_crypto.o
 .rodata.C_ED25519_G
                0xc0d06c00       0x41 obj/monero_crypto.o
 .rodata.C_ED25519_Hy
                0xc0d06c41       0x20 obj/monero_crypto.o
 .rodata.str1.1
                0xc0d06c61       0x17 obj/monero_crypto.o
 .rodata.C_MAGIC
                0xc0d06c78        0x8 obj/monero_init.o
                0xc0d06c78                C_MAGIC
 .rodata.str1.1
                0xc0d06c80        0x6 obj/monero_init.o
 *fill*         0xc0d06c86        0x2 00
 .rodata.crcTable
                0xc0d06c88      0x400 obj/monero_key.o
 .rodata.alphabet
                0xc0d07088       0x3b obj/monero_monero.o
                0xc0d07088                alphabet
 *fill*         0xc0d070c3        0x1 00
 .rodata.encoded_block_sizes
                0xc0d070c4       0x24 obj/monero_monero.o
                0xc0d070c4                encoded_block_sizes
 .rodata.str1.1
                0xc0d070e8      0x1af obj/monero_ux_nanos.o
                                0x1bb (size before relaxing)
 *fill*         0xc0d07297        0x1 00
 .rodata.ui_menu_fee_validation
                0xc0d07298       0x70 obj/monero_ux_nanos.o
                0xc0d07298                ui_menu_fee_validation
 .rodata.ui_menu_change_validation
                0xc0d07308       0x70 obj/monero_ux_nanos.o
                0xc0d07308                ui_menu_change_validation
 .rodata.ui_menu_words
                0xc0d07378      0x1a4 obj/monero_ux_nanos.o
                0xc0d07378                ui_menu_words
 .rodata.ui_menu_validation
                0xc0d0751c       0xfc obj/monero_ux_nanos.o
                0xc0d0751c                ui_menu_validation
 .rodata.ui_export_viewkey
                0xc0d07618      0x118 obj/monero_ux_nanos.o
                0xc0d07618                ui_export_viewkey
 .rodata.str1.4
                0xc0d07730       0x1c obj/monero_ux_nanos.o
                                 0x1a (size before relaxing)
 .rodata.ui_menu_network
                0xc0d0774c       0xa8 obj/monero_ux_nanos.o
                0xc0d0774c                ui_menu_network
 .rodata.ui_menu_reset
                0xc0d077f4       0x70 obj/monero_ux_nanos.o
                0xc0d077f4                ui_menu_reset
 .rodata.ui_menu_settings
                0xc0d07864       0x8c obj/monero_ux_nanos.o
                0xc0d07864                ui_menu_settings
 .rodata.ui_menu_info
                0xc0d078f0       0xa8 obj/monero_ux_nanos.o
                0xc0d078f0                ui_menu_info
 .rodata.ui_menu_pubaddr
                0xc0d07998       0xc4 obj/monero_ux_nanos.o
                0xc0d07998                ui_menu_pubaddr
 .rodata.ui_menu_main
                0xc0d07a5c       0x8c obj/monero_ux_nanos.o
                0xc0d07a5c                ui_menu_main
 .rodata..L.str
                0xc0d07ae8        0x5 obj/os_io_seproxyhal.o
 .rodata..L.str.1
                0xc0d07aed        0x5 obj/os_io_seproxyhal.o
 *fill*         0xc0d07af2        0x2 00
 .rodata.ux_menu_elements
                0xc0d07af4      0x1f8 obj/os_io_seproxyhal.o
                0xc0d07af4                ux_menu_elements
 .rodata.UX_MENU_END_ENTRY
                0xc0d07cec       0x1c obj/os_io_seproxyhal.o
                0xc0d07cec                UX_MENU_END_ENTRY
 .rodata.SW_INTERNAL
                0xc0d07d08        0x2 obj/u2f_impl.o
 .rodata.SW_BUSY
                0xc0d07d0a        0x2 obj/u2f_impl.o
 .rodata.SW_WRONG_LENGTH
                0xc0d07d0c        0x2 obj/u2f_impl.o
 .rodata.SW_PROOF_OF_PRESENCE_REQUIRED
                0xc0d07d0e        0x2 obj/u2f_impl.o
 .rodata..L.str
                0xc0d07d10        0x6 obj/u2f_impl.o
 .rodata.str1.1
                0xc0d07d16        0x5 obj/u2f_impl.o
 .rodata..L.str.2
                0xc0d07d1b        0x5 obj/u2f_impl.o
 .rodata.SW_BAD_KEY_HANDLE
                0xc0d07d20        0x2 obj/u2f_impl.o
 .rodata.U2F_VERSION
                0xc0d07d22        0x8 obj/u2f_impl.o
 .rodata.INFO   0xc0d07d2a        0x4 obj/u2f_impl.o
 .rodata.SW_UNKNOWN_CLASS
                0xc0d07d2e        0x2 obj/u2f_impl.o
 .rodata.SW_UNKNOWN_INSTRUCTION
                0xc0d07d30        0x2 obj/u2f_impl.o
 .rodata.BROADCAST_CHANNEL
                0xc0d07d32        0x4 obj/u2f_transport.o
 .rodata.FORBIDDEN_CHANNEL
                0xc0d07d36        0x4 obj/u2f_transport.o
 *fill*         0xc0d07d3a        0x2 00
 .rodata.USBD_HID_Desc_fido
                0xc0d07d3c        0x9 obj/usbd_impl.o
                0xc0d07d3c                USBD_HID_Desc_fido
 *fill*         0xc0d07d45        0x3 00
 .rodata.USBD_HID_Desc
                0xc0d07d48        0x9 obj/usbd_impl.o
                0xc0d07d48                USBD_HID_Desc
 .rodata.HID_ReportDesc_fido
                0xc0d07d51       0x22 obj/usbd_impl.o
 .rodata.HID_ReportDesc
                0xc0d07d73       0x22 obj/usbd_impl.o
 *fill*         0xc0d07d95        0x3 00
 .rodata.HID_Desc
                0xc0d07d98       0x20 obj/usbd_impl.o
                0xc0d07d98                HID_Desc
 .rodata.USBD_HID
                0xc0d07db8       0x38 obj/usbd_impl.o
 .rodata.USBD_U2F
                0xc0d07df0       0x38 obj/usbd_impl.o
 .rodata.USBD_DeviceDesc
                0xc0d07e28       0x12 obj/usbd_impl.o
 .rodata.USBD_LangIDDesc
                0xc0d07e3a        0x4 obj/usbd_impl.o
 .rodata.USBD_MANUFACTURER_STRING
                0xc0d07e3e        0xe obj/usbd_impl.o
 .rodata.USBD_PRODUCT_FS_STRING
                0xc0d07e4c        0xe obj/usbd_impl.o
 .rodata.USB_SERIAL_STRING
                0xc0d07e5a        0xa obj/usbd_impl.o
 .rodata.USBD_CfgDesc
                0xc0d07e64       0x49 obj/usbd_impl.o
 *fill*         0xc0d07ead        0x3 00
 .rodata.USBD_DeviceQualifierDesc
                0xc0d07eb0        0xa obj/usbd_impl.o
 *(.rodata.N[^_]*)
                0xc0d07ebc                . = ALIGN (0x4)
 *fill*         0xc0d07eba        0x2 00
                0xc0d07ebc                _etext = .
                0xc0d07ec0                . = ALIGN (PAGE_SIZE)
 *fill*         0xc0d07ebc        0x4 00
                0xc0d07ec0                _nvram_data = .
 *(.bss.N_* .rodata.N_*)
 .bss.N_state_pic
                0xc0d07ec0      0x252 obj/monero_nvram.o
                0xc0d07ec0                N_state_pic
                0xc0d08140                . = ALIGN (PAGE_SIZE)
 *fill*         0xc0d08112       0x2e 00
                0xc0d08140                _install_parameters = .
                [!provide]                PROVIDE (N_install_parameters, .)
                0xc0d08140                _envram = .
                0x00000280                _nvram_data_size = (_envram - _nvram_data)

.glue_7         0xc0d08140        0x0
 .glue_7        0xc0d08140        0x0 linker stubs

.glue_7t        0xc0d08140        0x0
 .glue_7t       0xc0d08140        0x0 linker stubs

.vfp11_veneer   0xc0d08140        0x0
 .vfp11_veneer  0xc0d08140        0x0 linker stubs

.v4_bx          0xc0d08140        0x0
 .v4_bx         0xc0d08140        0x0 linker stubs

.iplt           0xc0d08140        0x0
 .iplt          0xc0d08140        0x0 obj/glyphs.o

.data           0xd0000000        0x0
                0xd0000000                . = ALIGN (0x4)
                0xd0000000                _data = .
 *(vtable)
 *(.data*)
                0xd0000000                _edata = .

.igot.plt       0xd0000000        0x0
 .igot.plt      0xd0000000        0x0 obj/glyphs.o

.bss            0x20001800      0xed0
                0x20001800                _bss = .
 *(.bss*)
 .bss.G_io_seproxyhal_spi_buffer
                0x20001800       0x80 obj/monero_ram.o
                0x20001800                G_io_seproxyhal_spi_buffer
 .bss.ux        0x20001880       0xb0 obj/monero_ram.o
                0x20001880                ux
 .bss.G_monero_vstate
                0x20001930      0x830 obj/monero_ram.o
                0x20001930                G_monero_vstate
 .bss.G_io_usb_hid_sequence_number
                0x20002160        0x4 obj/os.o
                0x20002160                G_io_usb_hid_sequence_number
 .bss.G_io_usb_hid_total_length
                0x20002164        0x4 obj/os.o
                0x20002164                G_io_usb_hid_total_length
 .bss.G_io_usb_hid_remaining_length
                0x20002168        0x4 obj/os.o
                0x20002168                G_io_usb_hid_remaining_length
 .bss.G_io_apdu_buffer
                0x2000216c      0x151 obj/os.o
                0x2000216c                G_io_apdu_buffer
 *fill*         0x200022bd        0x3 00
 .bss.G_io_usb_hid_current_buffer
                0x200022c0        0x4 obj/os.o
                0x200022c0                G_io_usb_hid_current_buffer
 .bss.G_io_usb_hid_channel
                0x200022c4        0x4 obj/os.o
                0x200022c4                G_io_usb_hid_channel
 .bss.G_io_apdu_media
                0x200022c8        0x1 obj/os_io_seproxyhal.o
                0x200022c8                G_io_apdu_media
 .bss.G_io_usb_ep_xfer_len
                0x200022c9        0x6 obj/os_io_seproxyhal.o
 *fill*         0x200022cf        0x1 00
 .bss.G_io_usb_ep_timeouts
                0x200022d0        0xc obj/os_io_seproxyhal.o
                0x200022d0                G_io_usb_ep_timeouts
 .bss.G_io_apdu_state
                0x200022dc        0x1 obj/os_io_seproxyhal.o
                0x200022dc                G_io_apdu_state
 *fill*         0x200022dd        0x1 00
 .bss.G_io_apdu_length
                0x200022de        0x2 obj/os_io_seproxyhal.o
                0x200022de                G_io_apdu_length
 .bss.G_bagl_last_touched_not_released_component
                0x200022e0        0x4 obj/os_io_seproxyhal.o
                0x200022e0                G_bagl_last_touched_not_released_component
 .bss.G_button_mask
                0x200022e4        0x4 obj/os_io_seproxyhal.o
                0x200022e4                G_button_mask
 .bss.G_button_same_mask_counter
                0x200022e8        0x4 obj/os_io_seproxyhal.o
                0x200022e8                G_button_same_mask_counter
 .bss.G_io_u2f  0x200022ec       0x38 obj/os_io_seproxyhal.o
                0x200022ec                G_io_u2f
 .bss.ux_menu   0x20002324       0x4c obj/os_io_seproxyhal.o
                0x20002324                ux_menu
 .bss.G_io_usb_ep_buffer
                0x20002370       0x40 obj/os_io_seproxyhal.o
                0x20002370                G_io_usb_ep_buffer
 .bss.ep_in_stall
                0x200023b0        0x4 obj/usbd_conf.o
                0x200023b0                ep_in_stall
 .bss.ep_out_stall
                0x200023b4        0x4 obj/usbd_conf.o
                0x200023b4                ep_out_stall
 .bss.USBD_Device
                0x200023b8      0x114 obj/usbd_core.o
                0x200023b8                USBD_Device
                0x200024cc                _ebss = .
                0x200024cc                . = ALIGN (0x4)
                0x200024cc                app_stack_canary = .
                [!provide]                PROVIDE (app_stack_canary, .)
                0x200024d0                . = (. + 0x4)
 *fill*         0x200024cc        0x4 00
                0x200024d0                _stack_validation = .
                0x200026d0                . = (_stack_validation + STACK_SIZE)
 *fill*         0x200024d0      0x200 00
                0x20002600                _stack = (ABSOLUTE (END_STACK) - STACK_SIZE)
                [!provide]                PROVIDE (_stack, (ABSOLUTE (END_STACK) - STACK_SIZE))
                0x20002800                _estack = ABSOLUTE (END_STACK)
                [!provide]                PROVIDE (_estack, ABSOLUTE (END_STACK))

DEBUG           0xd0000000        0x8
 libc.a(*)
 libm.a(*)
 libgcc.a(*)
 *(.ARM.exidx* .gnu.linkonce.armexidx.*)
 .ARM.exidx.text.monero_apdu_blind
                0xd0000000        0x0 obj/monero_blind.o
                                  0x8 (size before relaxing)
 .ARM.exidx.text.monero_unblind
                0xd0000000        0x0 obj/monero_blind.o
                                  0x8 (size before relaxing)
 .ARM.exidx.text.monero_apdu_unblind
                0xd0000000        0x0 obj/monero_blind.o
                                  0x8 (size before relaxing)
 .ARM.exidx.text.monero_apdu_gen_commitment_mask
                0xd0000000        0x0 obj/monero_blind.o
                                  0x8 (size before relaxing)
 .ARM.exidx.text.monero_aes_derive
                0xd0000000        0x0 obj/monero_crypto.o
                                  0x8 (size before relaxing)
 .ARM.exidx.text.monero_hash_init_keccak
                0xd0000000        0x0 obj/monero_crypto.o
                                  0x8 (size before relaxing)
 .ARM.exidx.text.monero_hash_update
                0xd0000000        0x0 obj/monero_crypto.o
                                  0x8 (size before relaxing)
 .ARM.exidx.text.monero_hash_final
                0xd0000000        0x0 obj/monero_crypto.o
                                  0x8 (size before relaxing)
 .ARM.exidx.text.monero_hash
                0xd0000000        0x0 obj/monero_crypto.o
                                  0x8 (size before relaxing)
 .ARM.exidx.text.monero_rng
                0xd0000000        0x0 obj/monero_crypto.o
                                  0x8 (size before relaxing)
 .ARM.exidx.text.monero_encode_varint
                0xd0000000        0x0 obj/monero_crypto.o
                                  0x8 (size before relaxing)
 .ARM.exidx.text.monero_hash_init_sha256
                0xd0000000        0x0 obj/monero_crypto.o
                                  0x8 (size before relaxing)
 .ARM.exidx.text.monero_hash_to_scalar
                0xd0000000        0x0 obj/monero_crypto.o
                                  0x8 (size before relaxing)
 .ARM.exidx.text.monero_reduce
                0xd0000000        0x0 obj/monero_crypto.o
                                  0x8 (size before relaxing)
 .ARM.exidx.text.monero_hash_to_ec
                0xd0000000        0x0 obj/monero_crypto.o
                                  0x8 (size before relaxing)
 .ARM.exidx.text.monero_ecmul_8
                0xd0000000        0x0 obj/monero_crypto.o
                                  0x8 (size before relaxing)
 .ARM.exidx.text.monero_generate_keypair
                0xd0000000        0x0 obj/monero_crypto.o
                                  0x8 (size before relaxing)
 .ARM.exidx.text.monero_ecmul_G
                0xd0000000        0x0 obj/monero_crypto.o
                                  0x8 (size before relaxing)
 .ARM.exidx.text.monero_generate_key_derivation
                0xd0000000        0x0 obj/monero_crypto.o
                                  0x8 (size before relaxing)
 .ARM.exidx.text.monero_derivation_to_scalar
                0xd0000000        0x0 obj/monero_crypto.o
                                  0x8 (size before relaxing)
 .ARM.exidx.text.monero_derive_secret_key
                0xd0000000        0x0 obj/monero_crypto.o
                                  0x8 (size before relaxing)
 .ARM.exidx.text.monero_addm
                0xd0000000        0x0 obj/monero_crypto.o
                                  0x8 (size before relaxing)
 .ARM.exidx.text.monero_derive_public_key
                0xd0000000        0x0 obj/monero_crypto.o
                                  0x8 (size before relaxing)
 .ARM.exidx.text.monero_ecadd
                0xd0000000        0x0 obj/monero_crypto.o
                                  0x8 (size before relaxing)
 .ARM.exidx.text.monero_secret_key_to_public_key
                0xd0000000        0x0 obj/monero_crypto.o
                                  0x8 (size before relaxing)
 .ARM.exidx.text.monero_generate_key_image
                0xd0000000        0x0 obj/monero_crypto.o
                                  0x8 (size before relaxing)
 .ARM.exidx.text.monero_ecmul_k
                0xd0000000        0x0 obj/monero_crypto.o
                                  0x8 (size before relaxing)
 .ARM.exidx.text.monero_derive_subaddress_public_key
                0xd0000000        0x0 obj/monero_crypto.o
                                  0x8 (size before relaxing)
 .ARM.exidx.text.monero_ecsub
                0xd0000000        0x0 obj/monero_crypto.o
                                  0x8 (size before relaxing)
 .ARM.exidx.text.monero_get_subaddress_spend_public_key
                0xd0000000        0x0 obj/monero_crypto.o
                                  0x8 (size before relaxing)
 .ARM.exidx.text.monero_get_subaddress_secret_key
                0xd0000000        0x0 obj/monero_crypto.o
                                  0x8 (size before relaxing)
 .ARM.exidx.text.monero_get_subaddress
                0xd0000000        0x0 obj/monero_crypto.o
                                  0x8 (size before relaxing)
 .ARM.exidx.text.monero_ecmul_H
                0xd0000000        0x0 obj/monero_crypto.o
                                  0x8 (size before relaxing)
 .ARM.exidx.text.monero_multm_8
                0xd0000000        0x0 obj/monero_crypto.o
                                  0x8 (size before relaxing)
 .ARM.exidx.text.monero_ecdhHash
                0xd0000000        0x0 obj/monero_crypto.o
                                  0x8 (size before relaxing)
 .ARM.exidx.text.monero_genCommitmentMask
                0xd0000000        0x0 obj/monero_crypto.o
                                  0x8 (size before relaxing)
 .ARM.exidx.text.monero_subm
                0xd0000000        0x0 obj/monero_crypto.o
                                  0x8 (size before relaxing)
 .ARM.exidx.text.monero_multm
                0xd0000000        0x0 obj/monero_crypto.o
                                  0x8 (size before relaxing)
 .ARM.exidx.text.monero_amount2str
                0xd0000000        0x0 obj/monero_crypto.o
                                  0x8 (size before relaxing)
 .ARM.exidx.text.monero_bamount2uint64
                0xd0000000        0x0 obj/monero_crypto.o
                                  0x8 (size before relaxing)
 .ARM.exidx.text.monero_vamount2uint64
                0xd0000000        0x0 obj/monero_crypto.o
                                  0x8 (size before relaxing)
 .ARM.exidx.text.monero_vamount2str
                0xd0000000        0x0 obj/monero_crypto.o
                                  0x8 (size before relaxing)
 .ARM.exidx.text.check_potocol
                0xd0000000        0x0 obj/monero_dispatch.o
                                  0x8 (size before relaxing)
 .ARM.exidx.text.check_ins_access
                0xd0000000        0x0 obj/monero_dispatch.o
                                  0x8 (size before relaxing)
 .ARM.exidx.text.monero_dispatch
                0xd0000000        0x0 obj/monero_dispatch.o
                                  0x8 (size before relaxing)
 .ARM.exidx.text.monero_init
                0xd0000000        0x0 obj/monero_init.o
                                  0x8 (size before relaxing)
 .ARM.exidx.text.monero_install
                0xd0000000        0x0 obj/monero_init.o
                                  0x8 (size before relaxing)
 .ARM.exidx.text.monero_init_private_key
                0xd0000000        0x0 obj/monero_init.o
                                  0x8 (size before relaxing)
 .ARM.exidx.text.monero_apdu_reset
                0xd0000000        0x0 obj/monero_init.o
                                  0x8 (size before relaxing)
 .ARM.exidx.text.monero_io_inserted
                0xd0000000        0x0 obj/monero_io.o
                                  0x8 (size before relaxing)
 .ARM.exidx.text.monero_io_discard
                0xd0000000        0x0 obj/monero_io.o
                                  0x8 (size before relaxing)
 .ARM.exidx.text.monero_io_hole
                0xd0000000        0x0 obj/monero_io.o
                                  0x8 (size before relaxing)
 .ARM.exidx.text.monero_io_insert
                0xd0000000        0x0 obj/monero_io.o
                                  0x8 (size before relaxing)
 .ARM.exidx.text.monero_io_insert_encrypt
                0xd0000000        0x0 obj/monero_io.o
                                  0x8 (size before relaxing)
 .ARM.exidx.text.monero_io_insert_u32
                0xd0000000        0x0 obj/monero_io.o
                                  0x8 (size before relaxing)
 .ARM.exidx.text.monero_io_insert_u16
                0xd0000000        0x0 obj/monero_io.o
                                  0x8 (size before relaxing)
 .ARM.exidx.text.monero_io_insert_u8
                0xd0000000        0x0 obj/monero_io.o
                                  0x8 (size before relaxing)
 .ARM.exidx.text.monero_io_fetch
                0xd0000000        0x0 obj/monero_io.o
                                  0x8 (size before relaxing)
 .ARM.exidx.text.monero_io_fetch_decrypt
                0xd0000000        0x0 obj/monero_io.o
                                  0x8 (size before relaxing)
 .ARM.exidx.text.monero_io_fetch_decrypt_key
                0xd0000000        0x0 obj/monero_io.o
                                  0x8 (size before relaxing)
 .ARM.exidx.text.monero_io_fetch_u32
                0xd0000000        0x0 obj/monero_io.o
                                  0x8 (size before relaxing)
 .ARM.exidx.text.monero_io_fetch_u8
                0xd0000000        0x0 obj/monero_io.o
                                  0x8 (size before relaxing)
 .ARM.exidx.text.monero_io_do
                0xd0000000        0x0 obj/monero_io.o
                                  0x8 (size before relaxing)
 .ARM.exidx.text.monero_clear_words
                0xd0000000        0x0 obj/monero_key.o
                                  0x8 (size before relaxing)
 .ARM.exidx.text.monero_apdu_manage_seedwords
                0xd0000000        0x0 obj/monero_key.o
                                  0x8 (size before relaxing)
 .ARM.exidx.text.monero_apdu_put_key
                0xd0000000        0x0 obj/monero_key.o
                                  0x8 (size before relaxing)
 .ARM.exidx.text.monero_apdu_get_key
                0xd0000000        0x0 obj/monero_key.o
                                  0x8 (size before relaxing)
 .ARM.exidx.text.monero_apdu_verify_key
                0xd0000000        0x0 obj/monero_key.o
                                  0x8 (size before relaxing)
 .ARM.exidx.text.monero_apdu_get_chacha8_prekey
                0xd0000000        0x0 obj/monero_key.o
                                  0x8 (size before relaxing)
 .ARM.exidx.text.monero_apdu_sc_add
                0xd0000000        0x0 obj/monero_key.o
                                  0x8 (size before relaxing)
 .ARM.exidx.text.monero_apdu_sc_sub
                0xd0000000        0x0 obj/monero_key.o
                                  0x8 (size before relaxing)
 .ARM.exidx.text.monero_apdu_scal_mul_key
                0xd0000000        0x0 obj/monero_key.o
                                  0x8 (size before relaxing)
 .ARM.exidx.text.monero_apdu_scal_mul_base
                0xd0000000        0x0 obj/monero_key.o
                                  0x8 (size before relaxing)
 .ARM.exidx.text.monero_apdu_generate_keypair
                0xd0000000        0x0 obj/monero_key.o
                                  0x8 (size before relaxing)
 .ARM.exidx.text.monero_apdu_secret_key_to_public_key
                0xd0000000        0x0 obj/monero_key.o
                                  0x8 (size before relaxing)
 .ARM.exidx.text.monero_apdu_generate_key_derivation
                0xd0000000        0x0 obj/monero_key.o
                                  0x8 (size before relaxing)
 .ARM.exidx.text.monero_apdu_derivation_to_scalar
                0xd0000000        0x0 obj/monero_key.o
                                  0x8 (size before relaxing)
 .ARM.exidx.text.monero_apdu_derive_public_key
                0xd0000000        0x0 obj/monero_key.o
                                  0x8 (size before relaxing)
 .ARM.exidx.text.monero_apdu_derive_secret_key
                0xd0000000        0x0 obj/monero_key.o
                                  0x8 (size before relaxing)
 .ARM.exidx.text.monero_apdu_generate_key_image
                0xd0000000        0x0 obj/monero_key.o
                                  0x8 (size before relaxing)
 .ARM.exidx.text.monero_apdu_derive_subaddress_public_key
                0xd0000000        0x0 obj/monero_key.o
                                  0x8 (size before relaxing)
 .ARM.exidx.text.monero_apdu_get_subaddress
                0xd0000000        0x0 obj/monero_key.o
                                  0x8 (size before relaxing)
 .ARM.exidx.text.monero_apdu_get_subaddress_spend_public_key
                0xd0000000        0x0 obj/monero_key.o
                                  0x8 (size before relaxing)
 .ARM.exidx.text.monero_apdu_get_subaddress_secret_key
                0xd0000000        0x0 obj/monero_key.o
                                  0x8 (size before relaxing)
 .ARM.exidx.text.monero_apu_generate_txout_keys
                0xd0000000        0x0 obj/monero_key.o
                                  0x8 (size before relaxing)
 .ARM.exidx.text.monero_main
                0xd0000000        0x0 obj/monero_main.o
                                  0x8 (size before relaxing)
 .ARM.exidx.text.io_event
                0xd0000000        0x0 obj/monero_main.o
                                  0x8 (size before relaxing)
 .ARM.exidx.text.io_exchange_al
                0xd0000000        0x0 obj/monero_main.o
                                  0x8 (size before relaxing)
 .ARM.exidx.text.app_exit
                0xd0000000        0x0 obj/monero_main.o
                                  0x8 (size before relaxing)
 .ARM.exidx.boot
                0xd0000000        0x8 obj/monero_main.o
 .ARM.exidx.text.monero_apdu_mlsag_prepare
                0xd0000008        0x0 obj/monero_mlsag.o
                                  0x8 (size before relaxing)
 .ARM.exidx.text.monero_apdu_mlsag_hash
                0xd0000008        0x0 obj/monero_mlsag.o
                                  0x8 (size before relaxing)
 .ARM.exidx.text.monero_apdu_mlsag_sign
                0xd0000008        0x0 obj/monero_mlsag.o
                                  0x8 (size before relaxing)
 .ARM.exidx.text.monero_base58_public_key
                0xd0000008        0x0 obj/monero_monero.o
                                  0x8 (size before relaxing)
 .ARM.exidx.text.encode_block
                0xd0000008        0x0 obj/monero_monero.o
                                  0x8 (size before relaxing)
 .ARM.exidx.text.monero_reset_tx
                0xd0000008        0x0 obj/monero_open_tx.o
                                  0x8 (size before relaxing)
 .ARM.exidx.text.monero_apdu_open_tx
                0xd0000008        0x0 obj/monero_open_tx.o
                                  0x8 (size before relaxing)
 .ARM.exidx.text.monero_apdu_close_tx
                0xd0000008        0x0 obj/monero_open_tx.o
                                  0x8 (size before relaxing)
 .ARM.exidx.text.monero_abort_tx
                0xd0000008        0x0 obj/monero_open_tx.o
                                  0x8 (size before relaxing)
 .ARM.exidx.text.monero_apdu_set_signature_mode
                0xd0000008        0x0 obj/monero_open_tx.o
                                  0x8 (size before relaxing)
 .ARM.exidx.text.monero_apdu_mlsag_prehash_init
                0xd0000008        0x0 obj/monero_prehash.o
                                  0x8 (size before relaxing)
 .ARM.exidx.text.monero_apdu_mlsag_prehash_update
                0xd0000008        0x0 obj/monero_prehash.o
                                  0x8 (size before relaxing)
 .ARM.exidx.text.monero_apdu_mlsag_prehash_finalize
                0xd0000008        0x0 obj/monero_prehash.o
                                  0x8 (size before relaxing)
 .ARM.exidx.text.monero_apdu_get_tx_proof
                0xd0000008        0x0 obj/monero_proof.o
                                  0x8 (size before relaxing)
 .ARM.exidx.text.monero_apdu_stealth
                0xd0000008        0x0 obj/monero_stealth.o
                                  0x8 (size before relaxing)
 .ARM.exidx.text.ui_menu_amount_validation_action
                0xd0000008        0x0 obj/monero_ux_nanos.o
                                  0x8 (size before relaxing)
 .ARM.exidx.text.ui_menu_amount_validation_preprocessor
                0xd0000008        0x0 obj/monero_ux_nanos.o
                                  0x8 (size before relaxing)
 .ARM.exidx.text.ui_menu_main_display
                0xd0000008        0x0 obj/monero_ux_nanos.o
                                  0x8 (size before relaxing)
 .ARM.exidx.text.ui_menu_fee_validation_display
                0xd0000008        0x0 obj/monero_ux_nanos.o
                                  0x8 (size before relaxing)
 .ARM.exidx.text.ui_menu_change_validation_display
                0xd0000008        0x0 obj/monero_ux_nanos.o
                                  0x8 (size before relaxing)
 .ARM.exidx.text.ui_menu_words_back
                0xd0000008        0x0 obj/monero_ux_nanos.o
                                  0x8 (size before relaxing)
 .ARM.exidx.text.ui_menu_words_clear
                0xd0000008        0x0 obj/monero_ux_nanos.o
                                  0x8 (size before relaxing)
 .ARM.exidx.text.ui_menu_words_preprocessor
                0xd0000008        0x0 obj/monero_ux_nanos.o
                                  0x8 (size before relaxing)
 .ARM.exidx.text.ui_menu_words_display
                0xd0000008        0x0 obj/monero_ux_nanos.o
                                  0x8 (size before relaxing)
 .ARM.exidx.text.ui_menu_validation_action
                0xd0000008        0x0 obj/monero_ux_nanos.o
                                  0x8 (size before relaxing)
 .ARM.exidx.text.ui_menu_validation_preprocessor
                0xd0000008        0x0 obj/monero_ux_nanos.o
                                  0x8 (size before relaxing)
 .ARM.exidx.text.ui_menu_validation_display
                0xd0000008        0x0 obj/monero_ux_nanos.o
                                  0x8 (size before relaxing)
 .ARM.exidx.text.ui_export_viewkey_display
                0xd0000008        0x0 obj/monero_ux_nanos.o
                                  0x8 (size before relaxing)
 .ARM.exidx.text.ui_export_viewkey_button
                0xd0000008        0x0 obj/monero_ux_nanos.o
                                  0x8 (size before relaxing)
 .ARM.exidx.text.ui_export_viewkey_prepro
                0xd0000008        0x0 obj/monero_ux_nanos.o
                                  0x8 (size before relaxing)
 .ARM.exidx.text.io_seproxyhal_display
                0xd0000008        0x0 obj/monero_ux_nanos.o
                                  0x8 (size before relaxing)
 .ARM.exidx.text.ui_menu_network_action
                0xd0000008        0x0 obj/monero_ux_nanos.o
                                  0x8 (size before relaxing)
 .ARM.exidx.text.ui_menu_network_preprocessor
                0xd0000008        0x0 obj/monero_ux_nanos.o
                                  0x8 (size before relaxing)
 .ARM.exidx.text.ui_menu_network_display
                0xd0000008        0x0 obj/monero_ux_nanos.o
                                  0x8 (size before relaxing)
 .ARM.exidx.text.ui_menu_reset_action
                0xd0000008        0x0 obj/monero_ux_nanos.o
                                  0x8 (size before relaxing)
 .ARM.exidx.text.ui_menu_pubaddr_preprocessor
                0xd0000008        0x0 obj/monero_ux_nanos.o
                                  0x8 (size before relaxing)
 .ARM.exidx.text.ui_menu_pubaddr_display
                0xd0000008        0x0 obj/monero_ux_nanos.o
                                  0x8 (size before relaxing)
 .ARM.exidx.text.ui_menu_main_preprocessor
                0xd0000008        0x0 obj/monero_ux_nanos.o
                                  0x8 (size before relaxing)
 .ARM.exidx.text.ui_init
                0xd0000008        0x0 obj/monero_ux_nanos.o
                                  0x8 (size before relaxing)
 .ARM.exidx.text.os_boot
                0xd0000008        0x0 obj/os.o
                                  0x8 (size before relaxing)
 .ARM.exidx.text.try_context_set
                0xd0000008        0x0 obj/os.o
                                  0x8 (size before relaxing)
 .ARM.exidx.text.io_usb_hid_receive
                0xd0000008        0x0 obj/os.o
                                  0x8 (size before relaxing)
 .ARM.exidx.text.os_memset
                0xd0000008        0x0 obj/os.o
                                  0x8 (size before relaxing)
 .ARM.exidx.text.os_memmove
                0xd0000008        0x0 obj/os.o
                                  0x8 (size before relaxing)
 .ARM.exidx.text.io_usb_hid_init
                0xd0000008        0x0 obj/os.o
                                  0x8 (size before relaxing)
 .ARM.exidx.text.io_usb_hid_sent
                0xd0000008        0x0 obj/os.o
                                  0x8 (size before relaxing)
 .ARM.exidx.text.io_usb_hid_send
                0xd0000008        0x0 obj/os.o
                                  0x8 (size before relaxing)
 .ARM.exidx.text.os_memcmp
                0xd0000008        0x0 obj/os.o
                                  0x8 (size before relaxing)
 .ARM.exidx.text.os_longjmp
                0xd0000008        0x0 obj/os.o
                                  0x8 (size before relaxing)
 .ARM.exidx.text.try_context_get
                0xd0000008        0x0 obj/os.o
                                  0x8 (size before relaxing)
 .ARM.exidx.text.try_context_get_previous
                0xd0000008        0x0 obj/os.o
                                  0x8 (size before relaxing)
 .ARM.exidx.text.io_seproxyhal_general_status
                0xd0000008        0x0 obj/os_io_seproxyhal.o
                                  0x8 (size before relaxing)
 .ARM.exidx.text.io_seproxyhal_handle_usb_event
                0xd0000008        0x0 obj/os_io_seproxyhal.o
                                  0x8 (size before relaxing)
 .ARM.exidx.text.io_seproxyhal_get_ep_rx_size
                0xd0000008        0x0 obj/os_io_seproxyhal.o
                                  0x8 (size before relaxing)
 .ARM.exidx.text.io_seproxyhal_handle_usb_ep_xfer_event
                0xd0000008        0x0 obj/os_io_seproxyhal.o
                                  0x8 (size before relaxing)
 .ARM.exidx.text.io_usb_send_ep
                0xd0000008        0x0 obj/os_io_seproxyhal.o
                                  0x8 (size before relaxing)
 .ARM.exidx.text.io_usb_send_apdu_data
                0xd0000008        0x0 obj/os_io_seproxyhal.o
                                  0x8 (size before relaxing)
 .ARM.exidx.text.io_seproxyhal_handle_capdu_event
                0xd0000008        0x0 obj/os_io_seproxyhal.o
                                  0x8 (size before relaxing)
 .ARM.exidx.text.io_seproxyhal_handle_event
                0xd0000008        0x0 obj/os_io_seproxyhal.o
                                  0x8 (size before relaxing)
 .ARM.exidx.text.io_seproxyhal_init
                0xd0000008        0x0 obj/os_io_seproxyhal.o
                                  0x8 (size before relaxing)
 .ARM.exidx.text.io_seproxyhal_init_ux
                0xd0000008        0x0 obj/os_io_seproxyhal.o
                                  0x8 (size before relaxing)
 .ARM.exidx.text.io_seproxyhal_init_button
                0xd0000008        0x0 obj/os_io_seproxyhal.o
                                  0x8 (size before relaxing)
 .ARM.exidx.text.io_seproxyhal_touch_out
                0xd0000008        0x0 obj/os_io_seproxyhal.o
                                  0x8 (size before relaxing)
 .ARM.exidx.text.io_seproxyhal_touch_over
                0xd0000008        0x0 obj/os_io_seproxyhal.o
                                  0x8 (size before relaxing)
 .ARM.exidx.text.io_seproxyhal_touch_tap
                0xd0000008        0x0 obj/os_io_seproxyhal.o
                                  0x8 (size before relaxing)
 .ARM.exidx.text.io_seproxyhal_touch_element_callback
                0xd0000008        0x0 obj/os_io_seproxyhal.o
                                  0x8 (size before relaxing)
 .ARM.exidx.text.io_seproxyhal_display_icon
                0xd0000008        0x0 obj/os_io_seproxyhal.o
                                  0x8 (size before relaxing)
 .ARM.exidx.text.io_seproxyhal_display_default
                0xd0000008        0x0 obj/os_io_seproxyhal.o
                                  0x8 (size before relaxing)
 .ARM.exidx.text.io_seproxyhal_button_push
                0xd0000008        0x0 obj/os_io_seproxyhal.o
                                  0x8 (size before relaxing)
 .ARM.exidx.text.os_io_seproxyhal_get_app_name_and_version
                0xd0000008        0x0 obj/os_io_seproxyhal.o
                                  0x8 (size before relaxing)
 .ARM.exidx.text.io_exchange
                0xd0000008        0x0 obj/os_io_seproxyhal.o
                                  0x8 (size before relaxing)
 .ARM.exidx.text.ux_menu_element_preprocessor
                0xd0000008        0x0 obj/os_io_seproxyhal.o
                                  0x8 (size before relaxing)
 .ARM.exidx.text.ux_menu_elements_button
                0xd0000008        0x0 obj/os_io_seproxyhal.o
                                  0x8 (size before relaxing)
 .ARM.exidx.text.ux_menu_display
                0xd0000008        0x0 obj/os_io_seproxyhal.o
                                  0x8 (size before relaxing)
 .ARM.exidx.text.ux_check_status_default
                0xd0000008        0x0 obj/os_io_seproxyhal.o
                                  0x8 (size before relaxing)
 .ARM.exidx.text.pic
                0xd0000008        0x0 obj/pic.o
                                  0x8 (size before relaxing)
 .ARM.exidx.text.pic_internal
                0xd0000008        0x0 obj/pic_internal.o
                                  0x8 (size before relaxing)
 .ARM.exidx.text.SVC_Call
                0xd0000008        0x0 obj/syscalls.o
                                  0x8 (size before relaxing)
 .ARM.exidx.text.check_api_level
                0xd0000008        0x0 obj/syscalls.o
                                  0x8 (size before relaxing)
 .ARM.exidx.text.reset
                0xd0000008        0x0 obj/syscalls.o
                                  0x8 (size before relaxing)
 .ARM.exidx.text.nvm_write
                0xd0000008        0x0 obj/syscalls.o
                                  0x8 (size before relaxing)
 .ARM.exidx.text.cx_rng
                0xd0000008        0x0 obj/syscalls.o
                                  0x8 (size before relaxing)
 .ARM.exidx.text.cx_hash
                0xd0000008        0x0 obj/syscalls.o
                                  0x8 (size before relaxing)
 .ARM.exidx.text.cx_sha256_init
                0xd0000008        0x0 obj/syscalls.o
                                  0x8 (size before relaxing)
 .ARM.exidx.text.cx_keccak_init
                0xd0000008        0x0 obj/syscalls.o
                                  0x8 (size before relaxing)
 .ARM.exidx.text.cx_aes_init_key
                0xd0000008        0x0 obj/syscalls.o
                                  0x8 (size before relaxing)
 .ARM.exidx.text.cx_aes
                0xd0000008        0x0 obj/syscalls.o
                                  0x8 (size before relaxing)
 .ARM.exidx.text.cx_ecfp_add_point
                0xd0000008        0x0 obj/syscalls.o
                                  0x8 (size before relaxing)
 .ARM.exidx.text.cx_ecfp_scalar_mult
                0xd0000008        0x0 obj/syscalls.o
                                  0x8 (size before relaxing)
 .ARM.exidx.text.cx_edward_compress_point
                0xd0000008        0x0 obj/syscalls.o
                                  0x8 (size before relaxing)
 .ARM.exidx.text.cx_edward_decompress_point
                0xd0000008        0x0 obj/syscalls.o
                                  0x8 (size before relaxing)
 .ARM.exidx.text.cx_math_is_zero
                0xd0000008        0x0 obj/syscalls.o
                                  0x8 (size before relaxing)
 .ARM.exidx.text.cx_math_sub
                0xd0000008        0x0 obj/syscalls.o
                                  0x8 (size before relaxing)
 .ARM.exidx.text.cx_math_addm
                0xd0000008        0x0 obj/syscalls.o
                                  0x8 (size before relaxing)
 .ARM.exidx.text.cx_math_subm
                0xd0000008        0x0 obj/syscalls.o
                                  0x8 (size before relaxing)
 .ARM.exidx.text.cx_math_multm
                0xd0000008        0x0 obj/syscalls.o
                                  0x8 (size before relaxing)
 .ARM.exidx.text.cx_math_powm
                0xd0000008        0x0 obj/syscalls.o
                                  0x8 (size before relaxing)
 .ARM.exidx.text.cx_math_modm
                0xd0000008        0x0 obj/syscalls.o
                                  0x8 (size before relaxing)
 .ARM.exidx.text.cx_math_invprimem
                0xd0000008        0x0 obj/syscalls.o
                                  0x8 (size before relaxing)
 .ARM.exidx.text.os_perso_derive_node_bip32
                0xd0000008        0x0 obj/syscalls.o
                                  0x8 (size before relaxing)
 .ARM.exidx.text.os_global_pin_is_validated
                0xd0000008        0x0 obj/syscalls.o
                                  0x8 (size before relaxing)
 .ARM.exidx.text.os_sched_exit
                0xd0000008        0x0 obj/syscalls.o
                                  0x8 (size before relaxing)
 .ARM.exidx.text.os_ux
                0xd0000008        0x0 obj/syscalls.o
                                  0x8 (size before relaxing)
 .ARM.exidx.text.os_flags
                0xd0000008        0x0 obj/syscalls.o
                                  0x8 (size before relaxing)
 .ARM.exidx.text.os_registry_get_current_app_tag
                0xd0000008        0x0 obj/syscalls.o
                                  0x8 (size before relaxing)
 .ARM.exidx.text.io_seproxyhal_spi_send
                0xd0000008        0x0 obj/syscalls.o
                                  0x8 (size before relaxing)
 .ARM.exidx.text.io_seproxyhal_spi_is_status_sent
                0xd0000008        0x0 obj/syscalls.o
                                  0x8 (size before relaxing)
 .ARM.exidx.text.io_seproxyhal_spi_recv
                0xd0000008        0x0 obj/syscalls.o
                                  0x8 (size before relaxing)
 .ARM.exidx.text.u2f_apdu_sign
                0xd0000008        0x0 obj/u2f_impl.o
                                  0x8 (size before relaxing)
 .ARM.exidx.text.u2f_handle_cmd_init
                0xd0000008        0x0 obj/u2f_impl.o
                                  0x8 (size before relaxing)
 .ARM.exidx.text.u2f_handle_cmd_msg
                0xd0000008        0x0 obj/u2f_impl.o
                                  0x8 (size before relaxing)
 .ARM.exidx.text.u2f_message_complete
                0xd0000008        0x0 obj/u2f_impl.o
                                  0x8 (size before relaxing)
 .ARM.exidx.text.u2f_io_send
                0xd0000008        0x0 obj/u2f_io.o
                                  0x8 (size before relaxing)
 .ARM.exidx.text.u2f_transport_init
                0xd0000008        0x0 obj/u2f_transport.o
                                  0x8 (size before relaxing)
 .ARM.exidx.text.u2f_transport_sent
                0xd0000008        0x0 obj/u2f_transport.o
                                  0x8 (size before relaxing)
 .ARM.exidx.text.u2f_transport_received
                0xd0000008        0x0 obj/u2f_transport.o
                                  0x8 (size before relaxing)
 .ARM.exidx.text.u2f_is_channel_broadcast
                0xd0000008        0x0 obj/u2f_transport.o
                                  0x8 (size before relaxing)
 .ARM.exidx.text.u2f_message_reply
                0xd0000008        0x0 obj/u2f_transport.o
                                  0x8 (size before relaxing)
 .ARM.exidx.text.USBD_LL_Init
                0xd0000008        0x0 obj/usbd_conf.o
                                  0x8 (size before relaxing)
 .ARM.exidx.text.USBD_LL_DeInit
                0xd0000008        0x0 obj/usbd_conf.o
                                  0x8 (size before relaxing)
 .ARM.exidx.text.USBD_LL_Start
                0xd0000008        0x0 obj/usbd_conf.o
                                  0x8 (size before relaxing)
 .ARM.exidx.text.USBD_LL_Stop
                0xd0000008        0x0 obj/usbd_conf.o
                                  0x8 (size before relaxing)
 .ARM.exidx.text.USBD_LL_OpenEP
                0xd0000008        0x0 obj/usbd_conf.o
                                  0x8 (size before relaxing)
 .ARM.exidx.text.USBD_LL_CloseEP
                0xd0000008        0x0 obj/usbd_conf.o
                                  0x8 (size before relaxing)
 .ARM.exidx.text.USBD_LL_StallEP
                0xd0000008        0x0 obj/usbd_conf.o
                                  0x8 (size before relaxing)
 .ARM.exidx.text.USBD_LL_ClearStallEP
                0xd0000008        0x0 obj/usbd_conf.o
                                  0x8 (size before relaxing)
 .ARM.exidx.text.USBD_LL_IsStallEP
                0xd0000008        0x0 obj/usbd_conf.o
                                  0x8 (size before relaxing)
 .ARM.exidx.text.USBD_LL_SetUSBAddress
                0xd0000008        0x0 obj/usbd_conf.o
                                  0x8 (size before relaxing)
 .ARM.exidx.text.USBD_LL_Transmit
                0xd0000008        0x0 obj/usbd_conf.o
                                  0x8 (size before relaxing)
 .ARM.exidx.text.USBD_LL_PrepareReceive
                0xd0000008        0x0 obj/usbd_conf.o
                                  0x8 (size before relaxing)
 .ARM.exidx.text.USBD_Init
                0xd0000008        0x0 obj/usbd_core.o
                                  0x8 (size before relaxing)
 .ARM.exidx.text.USBD_DeInit
                0xd0000008        0x0 obj/usbd_core.o
                                  0x8 (size before relaxing)
 .ARM.exidx.text.USBD_RegisterClassForInterface
                0xd0000008        0x0 obj/usbd_core.o
                                  0x8 (size before relaxing)
 .ARM.exidx.text.USBD_Start
                0xd0000008        0x0 obj/usbd_core.o
                                  0x8 (size before relaxing)
 .ARM.exidx.text.USBD_SetClassConfig
                0xd0000008        0x0 obj/usbd_core.o
                                  0x8 (size before relaxing)
 .ARM.exidx.text.USBD_ClrClassConfig